Using pre-set license
Built from '2021.2/staging' branch; Version is '2021.2.7f1 (6bd9e232123f) revision 7068130'; Using compiler version '192829333'; Build Type 'Release'
OS: 'Windows 11  (10.0.22000) 64bit Professional' Language: 'en' Physical Memory: 32689 MB
BatchMode: 1, IsHumanControllingUs: 0, StartBugReporterOnCrash: 0, Is64bit: 1, IsPro: 0

COMMAND LINE ARGUMENTS:
C:\Program Files\Unity\Hub\Editor\2021.2.7f1\Editor\Unity.exe
-adb2
-batchMode
-noUpm
-name
AssetImportWorker11
-projectPath
O:/MSc AI/Dissertation-Project/RPG
-logFile
Logs/AssetImportWorker11.log
-srvPort
58728
Successfully changed project path to: O:/MSc AI/Dissertation-Project/RPG
O:/MSc AI/Dissertation-Project/RPG
[UnityMemory] Configuration Parameters - Can be set up in boot.config
    "memorysetup-bucket-allocator-granularity=16"
    "memorysetup-bucket-allocator-bucket-count=8"
    "memorysetup-bucket-allocator-block-size=33554432"
    "memorysetup-bucket-allocator-block-count=8"
    "memorysetup-main-allocator-block-size=16777216"
    "memorysetup-thread-allocator-block-size=16777216"
    "memorysetup-gfx-main-allocator-block-size=16777216"
    "memorysetup-gfx-thread-allocator-block-size=16777216"
    "memorysetup-cache-allocator-block-size=4194304"
    "memorysetup-typetree-allocator-block-size=2097152"
    "memorysetup-profiler-bucket-allocator-granularity=16"
    "memorysetup-profiler-bucket-allocator-bucket-count=8"
    "memorysetup-profiler-bucket-allocator-block-size=33554432"
    "memorysetup-profiler-bucket-allocator-block-count=8"
    "memorysetup-profiler-allocator-block-size=16777216"
    "memorysetup-profiler-editor-allocator-block-size=1048576"
    "memorysetup-temp-allocator-size-main=16777216"
    "memorysetup-job-temp-allocator-block-size=2097152"
    "memorysetup-job-temp-allocator-block-size-background=1048576"
    "memorysetup-job-temp-allocator-reduction-small-platforms=262144"
    "memorysetup-temp-allocator-size-background-worker=32768"
    "memorysetup-temp-allocator-size-job-worker=262144"
    "memorysetup-temp-allocator-size-preload-manager=33554432"
    "memorysetup-temp-allocator-size-nav-mesh-worker=65536"
    "memorysetup-temp-allocator-size-audio-worker=65536"
    "memorysetup-temp-allocator-size-cloud-worker=32768"
    "memorysetup-temp-allocator-size-gi-baking-worker=262144"
    "memorysetup-temp-allocator-size-gfx=262144"
Refreshing native plugins compatible for Editor in 108.31 ms, found 3 plugins.
Preloading 0 native plugins for Editor in 0.00 ms.
Initialize engine version: 2021.2.7f1 (6bd9e232123f)
[Subsystems] Discovering subsystems at path C:/Program Files/Unity/Hub/Editor/2021.2.7f1/Editor/Data/Resources/UnitySubsystems
[Subsystems] Discovering subsystems at path O:/MSc AI/Dissertation-Project/RPG/Assets
GfxDevice: creating device client; threaded=0; jobified=0
Direct3D:
    Version:  Direct3D 11.0 [level 11.1]
    Renderer: NVIDIA GeForce RTX 3070 (ID=0x2484)
    Vendor:   NVIDIA
    VRAM:     8043 MB
    Driver:   31.0.15.1659
Shader Custom/UnlitShadow uses undefined Queue: 'Opaque'
Shader Custom/UnlitShadow uses undefined Queue: 'Opaque'
Initialize mono
Mono path[0] = 'C:/Program Files/Unity/Hub/Editor/2021.2.7f1/Editor/Data/Managed'
Mono path[1] = 'C:/Program Files/Unity/Hub/Editor/2021.2.7f1/Editor/Data/MonoBleedingEdge/lib/mono/unityjit-win32'
Mono config path = 'C:/Program Files/Unity/Hub/Editor/2021.2.7f1/Editor/Data/MonoBleedingEdge/etc'
Using monoOptions --debugger-agent=transport=dt_socket,embedding=1,server=y,suspend=n,address=127.0.0.1:56952
Begin MonoManager ReloadAssembly
Registering precompiled unity dll's ...
Register platform support module: C:/Program Files/Unity/Hub/Editor/2021.2.7f1/Editor/Data/PlaybackEngines/MacStandaloneSupport/UnityEditor.OSXStandalone.Extensions.dll
Register platform support module: C:/Program Files/Unity/Hub/Editor/2021.2.7f1/Editor/Data/PlaybackEngines/WindowsStandaloneSupport/UnityEditor.WindowsStandalone.Extensions.dll
Registered in 0.003877 seconds.
Native extension for WindowsStandalone target not found
Native extension for OSXStandalone target not found
Refreshing native plugins compatible for Editor in 98.52 ms, found 3 plugins.
Preloading 0 native plugins for Editor in 0.00 ms.
Mono: successfully reloaded assembly
- Completed reload, in  0.513 seconds
Domain Reload Profiling:
	ReloadAssembly (513ms)
		BeginReloadAssembly (52ms)
			ExecutionOrderSort (0ms)
			DisableScriptedObjects (0ms)
			BackupInstance (0ms)
			ReleaseScriptingObjects (0ms)
			CreateAndSetChildDomain (1ms)
		EndReloadAssembly (405ms)
			LoadAssemblies (50ms)
			RebuildTransferFunctionScriptingTraits (0ms)
			SetupTypeCache (71ms)
			ReleaseScriptCaches (0ms)
			RebuildScriptCaches (19ms)
			SetupLoadedEditorAssemblies (276ms)
				LogAssemblyErrors (0ms)
				InitializePlatformSupportModulesInManaged (14ms)
				SetLoadedEditorAssemblies (0ms)
				RefreshPlugins (99ms)
				BeforeProcessingInitializeOnLoad (1ms)
				ProcessInitializeOnLoadAttributes (128ms)
				ProcessInitializeOnLoadMethodAttributes (34ms)
				AfterProcessingInitializeOnLoad (0ms)
				EditorAssembliesLoaded (0ms)
			ExecutionOrderSort2 (0ms)
			AwakeInstancesAfterBackupRestoration (0ms)
Platform modules already initialized, skipping
Registering precompiled user dll's ...
Registered in 0.002348 seconds.
Begin MonoManager ReloadAssembly
Symbol file LoadedFromMemory doesn't match image O:\MSc AI\Dissertation-Project\RPG\Library\PackageCache\com.unity.visualscripting@1.7.8\Editor\VisualScripting.Core\Dependencies\YamlDotNet\Unity.VisualScripting.YamlDotNet.dll
Symbol file LoadedFromMemory doesn't match image O:\MSc AI\Dissertation-Project\RPG\Library\PackageCache\com.unity.visualscripting@1.7.8\Editor\VisualScripting.Core\Dependencies\DotNetZip\Unity.VisualScripting.IonicZip.dll
Native extension for WindowsStandalone target not found
Native extension for OSXStandalone target not found
Refreshing native plugins compatible for Editor in 0.93 ms, found 3 plugins.
Preloading 0 native plugins for Editor in 0.00 ms.
Mono: successfully reloaded assembly
- Completed reload, in  0.761 seconds
Domain Reload Profiling:
	ReloadAssembly (761ms)
		BeginReloadAssembly (82ms)
			ExecutionOrderSort (0ms)
			DisableScriptedObjects (5ms)
			BackupInstance (0ms)
			ReleaseScriptingObjects (0ms)
			CreateAndSetChildDomain (17ms)
		EndReloadAssembly (610ms)
			LoadAssemblies (54ms)
			RebuildTransferFunctionScriptingTraits (0ms)
			SetupTypeCache (182ms)
			ReleaseScriptCaches (1ms)
			RebuildScriptCaches (37ms)
			SetupLoadedEditorAssemblies (307ms)
				LogAssemblyErrors (0ms)
				InitializePlatformSupportModulesInManaged (10ms)
				SetLoadedEditorAssemblies (0ms)
				RefreshPlugins (1ms)
				BeforeProcessingInitializeOnLoad (65ms)
				ProcessInitializeOnLoadAttributes (206ms)
				ProcessInitializeOnLoadMethodAttributes (19ms)
				AfterProcessingInitializeOnLoad (5ms)
				EditorAssembliesLoaded (0ms)
			ExecutionOrderSort2 (0ms)
			AwakeInstancesAfterBackupRestoration (5ms)
Platform modules already initialized, skipping
========================================================================
Worker process is ready to serve import requests
Shader Custom/UnlitShadow uses undefined Queue: 'Opaque'
Shader Custom/UnlitShadow uses undefined Queue: 'Opaque'
Launched and connected shader compiler UnityShaderCompiler.exe after 0.04 seconds
Refreshing native plugins compatible for Editor in 0.97 ms, found 3 plugins.
Preloading 0 native plugins for Editor in 0.00 ms.
Unloading 3652 Unused Serialized files (Serialized files now loaded: 0)
Unloading 26 unused Assets / (185.9 KB). Loaded Objects now: 4143.
Memory consumption went from 147.8 MB to 147.6 MB.
Total: 2.952600 ms (FindLiveObjects: 0.244200 ms CreateObjectMapping: 0.104900 ms MarkObjects: 2.429800 ms  DeleteObjects: 0.172800 ms)

AssetImportParameters requested are different than current active one (requested -> active):
  custom:video-decoder-ogg-theora: a1e56fd34408186e4bbccfd4996cb3dc -> 
  custom:container-muxer-webm: aa71ff27fc2769a1b78a27578f13a17b -> 
  custom:container-demuxer-webm: 4f35f7cbe854078d1ac9338744f61a02 -> 
  custom:video-encoder-webm-vp8: eb34c28f22e8b96e1ab97ce403110664 -> 
  custom:audio-encoder-webm-vorbis: bf7c407c2cedff20999df2af8eb42d56 -> 
  custom:framework-win-MediaFoundation: 216162199b28c13a410421893ffa2e32 -> 
  custom:container-demuxer-ogg: 62fdf1f143b41e24485cea50d1cbac27 -> 
  custom:video-decoder-webm-vp8: 9c59270c3fd7afecdb556c50c9e8de78 -> 
  custom:audio-decoder-ogg-vorbis: bf7c407c2cedff20999df2af8eb42d56 -> 
========================================================================
Received Import Request.
  Time since last request: 24630.936277 seconds.
  path: Assets/Sprites/StylRocksMagic/StylRocksMagic_3dModels/StylRocksMagic_Unity_LOD1.fbx
  artifactKey: Guid(27b55ee0396242b44aa3724b40d8b698) Importer(815301076,1909f56bfc062723c751e8b465ee728b)
Start importing Assets/Sprites/StylRocksMagic/StylRocksMagic_3dModels/StylRocksMagic_Unity_LOD1.fbx using Guid(27b55ee0396242b44aa3724b40d8b698) Importer(815301076,1909f56bfc062723c751e8b465ee728b)  -> (artifact id: '97f5fa2088e34e90e66d2785bdf40b2d') in 0.183049 seconds 
========================================================================
Received Import Request.
  Time since last request: 0.554414 seconds.
  path: Assets/Sprites/StylRocksMagic/StylRocksMagic_3dModels/StylRocksMagic_Unity_LOD0.fbx
  artifactKey: Guid(ba0f9b3d54f9cba4492f05a160a3dda8) Importer(815301076,1909f56bfc062723c751e8b465ee728b)
Start importing Assets/Sprites/StylRocksMagic/StylRocksMagic_3dModels/StylRocksMagic_Unity_LOD0.fbx using Guid(ba0f9b3d54f9cba4492f05a160a3dda8) Importer(815301076,1909f56bfc062723c751e8b465ee728b)  -> (artifact id: '60b8274fb0b611e508dc9e630725724d') in 0.051588 seconds 
========================================================================
Received Import Request.
  Time since last request: 1.015806 seconds.
  path: Assets/Sprites/StylRocksMagic/StylRocksMagic_3dModels/StylRocksMagic_Unity_LOD2.fbx
  artifactKey: Guid(c2f79e21e006fba4c8c77c508b688343) Importer(815301076,1909f56bfc062723c751e8b465ee728b)
Start importing Assets/Sprites/StylRocksMagic/StylRocksMagic_3dModels/StylRocksMagic_Unity_LOD2.fbx using Guid(c2f79e21e006fba4c8c77c508b688343) Importer(815301076,1909f56bfc062723c751e8b465ee728b)  -> (artifact id: 'faf45ec6c944d9172a0892b7113f8abd') in 0.050720 seconds 
========================================================================
Received Import Request.
  Time since last request: 89.241754 seconds.
  path: Assets/Sprites/!Prefabs/RockStyle1.prefab
  artifactKey: Guid(741991e580186d946be4b4a0c0407f9e) Importer(815301076,1909f56bfc062723c751e8b465ee728b)
Start importing Assets/Sprites/!Prefabs/RockStyle1.prefab using Guid(741991e580186d946be4b4a0c0407f9e) Importer(815301076,1909f56bfc062723c751e8b465ee728b)  -> (artifact id: '17b48ff705c51031ab8c05845c6b93d4') in 0.064182 seconds 
========================================================================
Received Import Request.
  Time since last request: 102.681157 seconds.
  path: Assets/Sprites/FantasyEnvironments/Environments/FBX/Flower1.FBX
  artifactKey: Guid(d9b2cda8a1e050e478497f2213c37e99) Importer(815301076,1909f56bfc062723c751e8b465ee728b)
Start importing Assets/Sprites/FantasyEnvironments/Environments/FBX/Flower1.FBX using Guid(d9b2cda8a1e050e478497f2213c37e99) Importer(815301076,1909f56bfc062723c751e8b465ee728b)  -> (artifact id: '9baa0d7665279d801510865a776e9443') in 0.053798 seconds 
========================================================================
Received Import Request.
  Time since last request: 0.000016 seconds.
  path: Assets/Sprites/FantasyEnvironments/Environments/FBX/Mushroom1.FBX
  artifactKey: Guid(bdeb79af937bc3940958acedeb2e5c15) Importer(815301076,1909f56bfc062723c751e8b465ee728b)
Start importing Assets/Sprites/FantasyEnvironments/Environments/FBX/Mushroom1.FBX using Guid(bdeb79af937bc3940958acedeb2e5c15) Importer(815301076,1909f56bfc062723c751e8b465ee728b)  -> (artifact id: 'c35a1f0a3c08718943d0f6e35d74e0c5') in 0.021637 seconds 
========================================================================
Received Import Request.
  Time since last request: 357.640653 seconds.
  path: Assets/Sprites/Toon Forest free set/texture/plant_a.png
  artifactKey: Guid(4ccf32c45f5129f4187a53d01c95c654) Importer(815301076,1909f56bfc062723c751e8b465ee728b)
Start importing Assets/Sprites/Toon Forest free set/texture/plant_a.png using Guid(4ccf32c45f5129f4187a53d01c95c654) Importer(815301076,1909f56bfc062723c751e8b465ee728b)  -> (artifact id: '96050256a592838b54c7d175d47b8fbf') in 0.028204 seconds 
========================================================================
Received Import Request.
  Time since last request: 140.381908 seconds.
  path: Assets/TerrainTextures/NewLayer 2.terrainlayer
  artifactKey: Guid(6a7a26ea46508684cb253b57c19d49f0) Importer(815301076,1909f56bfc062723c751e8b465ee728b)
Start importing Assets/TerrainTextures/NewLayer 2.terrainlayer using Guid(6a7a26ea46508684cb253b57c19d49f0) Importer(815301076,1909f56bfc062723c751e8b465ee728b)  -> (artifact id: 'a11aa64fe071d691b32aaa7504c68514') in 0.015849 seconds 
========================================================================
Received Import Request.
  Time since last request: 320.658077 seconds.
  path: Assets/Sprites/!Prefabs/Plant_04a.prefab
  artifactKey: Guid(99b3dc62b0e0dc94a8d193242ede6afa) Importer(815301076,1909f56bfc062723c751e8b465ee728b)
Start importing Assets/Sprites/!Prefabs/Plant_04a.prefab using Guid(99b3dc62b0e0dc94a8d193242ede6afa) Importer(815301076,1909f56bfc062723c751e8b465ee728b)  -> (artifact id: '8a101d07854e2d3b90476c98c9dfdf2a') in 0.015306 seconds 
========================================================================
Received Import Request.
  Time since last request: 0.000022 seconds.
  path: Assets/Sprites/!Prefabs/Plant_06a.prefab
  artifactKey: Guid(527ddb38aa3c583479ae8906bc115e9e) Importer(815301076,1909f56bfc062723c751e8b465ee728b)
Start importing Assets/Sprites/!Prefabs/Plant_06a.prefab using Guid(527ddb38aa3c583479ae8906bc115e9e) Importer(815301076,1909f56bfc062723c751e8b465ee728b)  -> (artifact id: 'f8cecc65d9d6f3447a0a788ac2300dec') in 0.009906 seconds 
========================================================================
Received Import Request.
  Time since last request: 82.712169 seconds.
  path: Assets/Sprites/!Prefabs/Materials/Pine_tree.mat
  artifactKey: Guid(bfdc337168805364092cfe03871afd19) Importer(815301076,1909f56bfc062723c751e8b465ee728b)
Start importing Assets/Sprites/!Prefabs/Materials/Pine_tree.mat using Guid(bfdc337168805364092cfe03871afd19) Importer(815301076,1909f56bfc062723c751e8b465ee728b)  -> (artifact id: '75b477d512fbaba4829875cc5c28dbb7') in 0.016024 seconds 
========================================================================
Received Import Request.
  Time since last request: 0.000018 seconds.
  path: Assets/Sprites/A_piece_of_nature/Textures/Pine_tree_specular.tif
  artifactKey: Guid(53d342d54f861b44abe2ea87d3a4db09) Importer(815301076,1909f56bfc062723c751e8b465ee728b)
Start importing Assets/Sprites/A_piece_of_nature/Textures/Pine_tree_specular.tif using Guid(53d342d54f861b44abe2ea87d3a4db09) Importer(815301076,1909f56bfc062723c751e8b465ee728b)  -> (artifact id: '56aecb621823b8b435f94430fd1030db') in 0.029738 seconds 
========================================================================
Received Import Request.
  Time since last request: 0.000021 seconds.
  path: Assets/Sprites/A_piece_of_nature/Textures/Pine_tree_normal.tif
  artifactKey: Guid(ea4f43aa50d38f74ba3f8bfadcf6bf99) Importer(815301076,1909f56bfc062723c751e8b465ee728b)
Start importing Assets/Sprites/A_piece_of_nature/Textures/Pine_tree_normal.tif using Guid(ea4f43aa50d38f74ba3f8bfadcf6bf99) Importer(815301076,1909f56bfc062723c751e8b465ee728b)  -> (artifact id: '0f3e4cfbc6034539f616019f15922bbf') in 0.016435 seconds 
========================================================================
Received Import Request.
  Time since last request: 0.000026 seconds.
  path: Assets/Sprites/A_piece_of_nature/Textures/Pine_tree_texture.tif
  artifactKey: Guid(0f929383fe9e343468d15874eed91d02) Importer(815301076,1909f56bfc062723c751e8b465ee728b)
Start importing Assets/Sprites/A_piece_of_nature/Textures/Pine_tree_texture.tif using Guid(0f929383fe9e343468d15874eed91d02) Importer(815301076,1909f56bfc062723c751e8b465ee728b)  -> (artifact id: '2e482cc081ef09cc5fbcd2841a53c91d') in 0.013482 seconds 
Editor requested this worker to shutdown with reason: Scaling down because of idle timeout
AssetImportWorker is now disconnected from the server
Process exiting
Exiting without the bug reporter. Application will terminate with return code 0