Using pre-set license
Built from '2021.2/staging' branch; Version is '2021.2.7f1 (6bd9e232123f) revision 7068130'; Using compiler version '192829333'; Build Type 'Release'
OS: 'Windows 11  (10.0.22000) 64bit Professional' Language: 'en' Physical Memory: 32689 MB
BatchMode: 1, IsHumanControllingUs: 0, StartBugReporterOnCrash: 0, Is64bit: 1, IsPro: 0

COMMAND LINE ARGUMENTS:
C:\Program Files\Unity\Hub\Editor\2021.2.7f1\Editor\Unity.exe
-adb2
-batchMode
-noUpm
-name
AssetImportWorker10
-projectPath
O:/MSc AI/Dissertation-Project/RPG
-logFile
Logs/AssetImportWorker10.log
-srvPort
58728
Successfully changed project path to: O:/MSc AI/Dissertation-Project/RPG
O:/MSc AI/Dissertation-Project/RPG
[UnityMemory] Configuration Parameters - Can be set up in boot.config
    "memorysetup-bucket-allocator-granularity=16"
    "memorysetup-bucket-allocator-bucket-count=8"
    "memorysetup-bucket-allocator-block-size=33554432"
    "memorysetup-bucket-allocator-block-count=8"
    "memorysetup-main-allocator-block-size=16777216"
    "memorysetup-thread-allocator-block-size=16777216"
    "memorysetup-gfx-main-allocator-block-size=16777216"
    "memorysetup-gfx-thread-allocator-block-size=16777216"
    "memorysetup-cache-allocator-block-size=4194304"
    "memorysetup-typetree-allocator-block-size=2097152"
    "memorysetup-profiler-bucket-allocator-granularity=16"
    "memorysetup-profiler-bucket-allocator-bucket-count=8"
    "memorysetup-profiler-bucket-allocator-block-size=33554432"
    "memorysetup-profiler-bucket-allocator-block-count=8"
    "memorysetup-profiler-allocator-block-size=16777216"
    "memorysetup-profiler-editor-allocator-block-size=1048576"
    "memorysetup-temp-allocator-size-main=16777216"
    "memorysetup-job-temp-allocator-block-size=2097152"
    "memorysetup-job-temp-allocator-block-size-background=1048576"
    "memorysetup-job-temp-allocator-reduction-small-platforms=262144"
    "memorysetup-temp-allocator-size-background-worker=32768"
    "memorysetup-temp-allocator-size-job-worker=262144"
    "memorysetup-temp-allocator-size-preload-manager=33554432"
    "memorysetup-temp-allocator-size-nav-mesh-worker=65536"
    "memorysetup-temp-allocator-size-audio-worker=65536"
    "memorysetup-temp-allocator-size-cloud-worker=32768"
    "memorysetup-temp-allocator-size-gi-baking-worker=262144"
    "memorysetup-temp-allocator-size-gfx=262144"
Refreshing native plugins compatible for Editor in 96.19 ms, found 3 plugins.
Preloading 0 native plugins for Editor in 0.00 ms.
Initialize engine version: 2021.2.7f1 (6bd9e232123f)
[Subsystems] Discovering subsystems at path C:/Program Files/Unity/Hub/Editor/2021.2.7f1/Editor/Data/Resources/UnitySubsystems
[Subsystems] Discovering subsystems at path O:/MSc AI/Dissertation-Project/RPG/Assets
GfxDevice: creating device client; threaded=0; jobified=0
Direct3D:
    Version:  Direct3D 11.0 [level 11.1]
    Renderer: NVIDIA GeForce RTX 3070 (ID=0x2484)
    Vendor:   NVIDIA
    VRAM:     8043 MB
    Driver:   31.0.15.1659
Shader Custom/UnlitShadow uses undefined Queue: 'Opaque'
Shader Custom/UnlitShadow uses undefined Queue: 'Opaque'
Initialize mono
Mono path[0] = 'C:/Program Files/Unity/Hub/Editor/2021.2.7f1/Editor/Data/Managed'
Mono path[1] = 'C:/Program Files/Unity/Hub/Editor/2021.2.7f1/Editor/Data/MonoBleedingEdge/lib/mono/unityjit-win32'
Mono config path = 'C:/Program Files/Unity/Hub/Editor/2021.2.7f1/Editor/Data/MonoBleedingEdge/etc'
Using monoOptions --debugger-agent=transport=dt_socket,embedding=1,server=y,suspend=n,address=127.0.0.1:56216
Begin MonoManager ReloadAssembly
Registering precompiled unity dll's ...
Register platform support module: C:/Program Files/Unity/Hub/Editor/2021.2.7f1/Editor/Data/PlaybackEngines/MacStandaloneSupport/UnityEditor.OSXStandalone.Extensions.dll
Register platform support module: C:/Program Files/Unity/Hub/Editor/2021.2.7f1/Editor/Data/PlaybackEngines/WindowsStandaloneSupport/UnityEditor.WindowsStandalone.Extensions.dll
Registered in 0.003811 seconds.
Native extension for WindowsStandalone target not found
Native extension for OSXStandalone target not found
Refreshing native plugins compatible for Editor in 79.96 ms, found 3 plugins.
Preloading 0 native plugins for Editor in 0.00 ms.
Mono: successfully reloaded assembly
- Completed reload, in  0.490 seconds
Domain Reload Profiling:
	ReloadAssembly (490ms)
		BeginReloadAssembly (54ms)
			ExecutionOrderSort (0ms)
			DisableScriptedObjects (0ms)
			BackupInstance (0ms)
			ReleaseScriptingObjects (0ms)
			CreateAndSetChildDomain (1ms)
		EndReloadAssembly (378ms)
			LoadAssemblies (52ms)
			RebuildTransferFunctionScriptingTraits (0ms)
			SetupTypeCache (72ms)
			ReleaseScriptCaches (0ms)
			RebuildScriptCaches (19ms)
			SetupLoadedEditorAssemblies (246ms)
				LogAssemblyErrors (0ms)
				InitializePlatformSupportModulesInManaged (18ms)
				SetLoadedEditorAssemblies (0ms)
				RefreshPlugins (80ms)
				BeforeProcessingInitializeOnLoad (1ms)
				ProcessInitializeOnLoadAttributes (112ms)
				ProcessInitializeOnLoadMethodAttributes (35ms)
				AfterProcessingInitializeOnLoad (0ms)
				EditorAssembliesLoaded (0ms)
			ExecutionOrderSort2 (0ms)
			AwakeInstancesAfterBackupRestoration (0ms)
Platform modules already initialized, skipping
Registering precompiled user dll's ...
Registered in 0.002312 seconds.
Begin MonoManager ReloadAssembly
Symbol file LoadedFromMemory doesn't match image O:\MSc AI\Dissertation-Project\RPG\Library\PackageCache\com.unity.visualscripting@1.7.8\Editor\VisualScripting.Core\Dependencies\YamlDotNet\Unity.VisualScripting.YamlDotNet.dll
Symbol file LoadedFromMemory doesn't match image O:\MSc AI\Dissertation-Project\RPG\Library\PackageCache\com.unity.visualscripting@1.7.8\Editor\VisualScripting.Core\Dependencies\DotNetZip\Unity.VisualScripting.IonicZip.dll
Native extension for WindowsStandalone target not found
Native extension for OSXStandalone target not found
Refreshing native plugins compatible for Editor in 0.93 ms, found 3 plugins.
Preloading 0 native plugins for Editor in 0.00 ms.
Mono: successfully reloaded assembly
- Completed reload, in  0.797 seconds
Domain Reload Profiling:
	ReloadAssembly (797ms)
		BeginReloadAssembly (83ms)
			ExecutionOrderSort (0ms)
			DisableScriptedObjects (4ms)
			BackupInstance (0ms)
			ReleaseScriptingObjects (0ms)
			CreateAndSetChildDomain (18ms)
		EndReloadAssembly (644ms)
			LoadAssemblies (57ms)
			RebuildTransferFunctionScriptingTraits (0ms)
			SetupTypeCache (200ms)
			ReleaseScriptCaches (1ms)
			RebuildScriptCaches (42ms)
			SetupLoadedEditorAssemblies (312ms)
				LogAssemblyErrors (0ms)
				InitializePlatformSupportModulesInManaged (10ms)
				SetLoadedEditorAssemblies (0ms)
				RefreshPlugins (1ms)
				BeforeProcessingInitializeOnLoad (68ms)
				ProcessInitializeOnLoadAttributes (208ms)
				ProcessInitializeOnLoadMethodAttributes (19ms)
				AfterProcessingInitializeOnLoad (5ms)
				EditorAssembliesLoaded (0ms)
			ExecutionOrderSort2 (0ms)
			AwakeInstancesAfterBackupRestoration (5ms)
Platform modules already initialized, skipping
========================================================================
Worker process is ready to serve import requests
Shader Custom/UnlitShadow uses undefined Queue: 'Opaque'
Shader Custom/UnlitShadow uses undefined Queue: 'Opaque'
Launched and connected shader compiler UnityShaderCompiler.exe after 0.03 seconds
Refreshing native plugins compatible for Editor in 0.93 ms, found 3 plugins.
Preloading 0 native plugins for Editor in 0.00 ms.
Unloading 3652 Unused Serialized files (Serialized files now loaded: 0)
Unloading 26 unused Assets / (185.9 KB). Loaded Objects now: 4143.
Memory consumption went from 147.8 MB to 147.6 MB.
Total: 2.899300 ms (FindLiveObjects: 0.256200 ms CreateObjectMapping: 0.107100 ms MarkObjects: 2.379900 ms  DeleteObjects: 0.155200 ms)

AssetImportParameters requested are different than current active one (requested -> active):
  custom:video-decoder-ogg-theora: a1e56fd34408186e4bbccfd4996cb3dc -> 
  custom:container-muxer-webm: aa71ff27fc2769a1b78a27578f13a17b -> 
  custom:container-demuxer-webm: 4f35f7cbe854078d1ac9338744f61a02 -> 
  custom:video-encoder-webm-vp8: eb34c28f22e8b96e1ab97ce403110664 -> 
  custom:audio-encoder-webm-vorbis: bf7c407c2cedff20999df2af8eb42d56 -> 
  custom:framework-win-MediaFoundation: 216162199b28c13a410421893ffa2e32 -> 
  custom:container-demuxer-ogg: 62fdf1f143b41e24485cea50d1cbac27 -> 
  custom:video-decoder-webm-vp8: 9c59270c3fd7afecdb556c50c9e8de78 -> 
  custom:audio-decoder-ogg-vorbis: bf7c407c2cedff20999df2af8eb42d56 -> 
========================================================================
Received Import Request.
  Time since last request: 24099.894332 seconds.
  path: Assets/Sprites/!Prefabs/STFences.fbx
  artifactKey: Guid(996df860b9e7383499b4b343f8f77cfd) Importer(815301076,1909f56bfc062723c751e8b465ee728b)
Start importing Assets/Sprites/!Prefabs/STFences.fbx using Guid(996df860b9e7383499b4b343f8f77cfd) Importer(815301076,1909f56bfc062723c751e8b465ee728b)  -> (artifact id: '632386a375d73491aca0e9358852d056') in 0.233212 seconds 
========================================================================
Received Prepare
Registering precompiled user dll's ...
Registered in 0.002124 seconds.
Begin MonoManager ReloadAssembly
Symbol file LoadedFromMemory doesn't match image O:\MSc AI\Dissertation-Project\RPG\Library\PackageCache\com.unity.visualscripting@1.7.8\Editor\VisualScripting.Core\Dependencies\YamlDotNet\Unity.VisualScripting.YamlDotNet.dll
Symbol file LoadedFromMemory doesn't match image O:\MSc AI\Dissertation-Project\RPG\Library\PackageCache\com.unity.visualscripting@1.7.8\Editor\VisualScripting.Core\Dependencies\DotNetZip\Unity.VisualScripting.IonicZip.dll
Native extension for WindowsStandalone target not found
Native extension for OSXStandalone target not found
Refreshing native plugins compatible for Editor in 0.96 ms, found 3 plugins.
Preloading 0 native plugins for Editor in 0.00 ms.
Mono: successfully reloaded assembly
- Completed reload, in  0.866 seconds
Domain Reload Profiling:
	ReloadAssembly (867ms)
		BeginReloadAssembly (133ms)
			ExecutionOrderSort (0ms)
			DisableScriptedObjects (5ms)
			BackupInstance (0ms)
			ReleaseScriptingObjects (0ms)
			CreateAndSetChildDomain (42ms)
		EndReloadAssembly (655ms)
			LoadAssemblies (59ms)
			RebuildTransferFunctionScriptingTraits (0ms)
			SetupTypeCache (233ms)
			ReleaseScriptCaches (2ms)
			RebuildScriptCaches (42ms)
			SetupLoadedEditorAssemblies (279ms)
				LogAssemblyErrors (0ms)
				InitializePlatformSupportModulesInManaged (13ms)
				SetLoadedEditorAssemblies (0ms)
				RefreshPlugins (1ms)
				BeforeProcessingInitializeOnLoad (63ms)
				ProcessInitializeOnLoadAttributes (178ms)
				ProcessInitializeOnLoadMethodAttributes (18ms)
				AfterProcessingInitializeOnLoad (5ms)
				EditorAssembliesLoaded (0ms)
			ExecutionOrderSort2 (0ms)
			AwakeInstancesAfterBackupRestoration (5ms)
Platform modules already initialized, skipping
Shader Custom/UnlitShadow uses undefined Queue: 'Opaque'
Shader Custom/UnlitShadow uses undefined Queue: 'Opaque'
Refreshing native plugins compatible for Editor in 0.97 ms, found 3 plugins.
Preloading 0 native plugins for Editor in 0.00 ms.
Unloading 3623 Unused Serialized files (Serialized files now loaded: 0)
Unloading 21 unused Assets / (160.4 KB). Loaded Objects now: 4188.
Memory consumption went from 150.0 MB to 149.9 MB.
Total: 2.692600 ms (FindLiveObjects: 0.229900 ms CreateObjectMapping: 0.098900 ms MarkObjects: 2.236700 ms  DeleteObjects: 0.126400 ms)

AssetImportParameters requested are different than current active one (requested -> active):
  custom:video-decoder-ogg-theora: a1e56fd34408186e4bbccfd4996cb3dc -> 
  custom:container-muxer-webm: aa71ff27fc2769a1b78a27578f13a17b -> 
  custom:container-demuxer-webm: 4f35f7cbe854078d1ac9338744f61a02 -> 
  custom:video-encoder-webm-vp8: eb34c28f22e8b96e1ab97ce403110664 -> 
  custom:audio-encoder-webm-vorbis: bf7c407c2cedff20999df2af8eb42d56 -> 
  custom:framework-win-MediaFoundation: 216162199b28c13a410421893ffa2e32 -> 
  custom:container-demuxer-ogg: 62fdf1f143b41e24485cea50d1cbac27 -> 
  custom:video-decoder-webm-vp8: 9c59270c3fd7afecdb556c50c9e8de78 -> 
  custom:audio-decoder-ogg-vorbis: bf7c407c2cedff20999df2af8eb42d56 -> 
========================================================================
Received Prepare
Registering precompiled user dll's ...
Registered in 0.002466 seconds.
Begin MonoManager ReloadAssembly
Symbol file LoadedFromMemory doesn't match image O:\MSc AI\Dissertation-Project\RPG\Library\PackageCache\com.unity.visualscripting@1.7.8\Editor\VisualScripting.Core\Dependencies\YamlDotNet\Unity.VisualScripting.YamlDotNet.dll
Symbol file LoadedFromMemory doesn't match image O:\MSc AI\Dissertation-Project\RPG\Library\PackageCache\com.unity.visualscripting@1.7.8\Editor\VisualScripting.Core\Dependencies\DotNetZip\Unity.VisualScripting.IonicZip.dll
Native extension for WindowsStandalone target not found
Native extension for OSXStandalone target not found
Refreshing native plugins compatible for Editor in 0.78 ms, found 3 plugins.
Preloading 0 native plugins for Editor in 0.00 ms.
Mono: successfully reloaded assembly
- Completed reload, in  0.787 seconds
Domain Reload Profiling:
	ReloadAssembly (787ms)
		BeginReloadAssembly (125ms)
			ExecutionOrderSort (0ms)
			DisableScriptedObjects (3ms)
			BackupInstance (0ms)
			ReleaseScriptingObjects (0ms)
			CreateAndSetChildDomain (36ms)
		EndReloadAssembly (590ms)
			LoadAssemblies (64ms)
			RebuildTransferFunctionScriptingTraits (0ms)
			SetupTypeCache (188ms)
			ReleaseScriptCaches (1ms)
			RebuildScriptCaches (37ms)
			SetupLoadedEditorAssemblies (267ms)
				LogAssemblyErrors (0ms)
				InitializePlatformSupportModulesInManaged (12ms)
				SetLoadedEditorAssemblies (0ms)
				RefreshPlugins (1ms)
				BeforeProcessingInitializeOnLoad (55ms)
				ProcessInitializeOnLoadAttributes (175ms)
				ProcessInitializeOnLoadMethodAttributes (19ms)
				AfterProcessingInitializeOnLoad (5ms)
				EditorAssembliesLoaded (0ms)
			ExecutionOrderSort2 (0ms)
			AwakeInstancesAfterBackupRestoration (4ms)
Platform modules already initialized, skipping
Shader Custom/UnlitShadow uses undefined Queue: 'Opaque'
Shader Custom/UnlitShadow uses undefined Queue: 'Opaque'
Refreshing native plugins compatible for Editor in 0.84 ms, found 3 plugins.
Preloading 0 native plugins for Editor in 0.00 ms.
Unloading 3623 Unused Serialized files (Serialized files now loaded: 0)
Unloading 21 unused Assets / (168.5 KB). Loaded Objects now: 4191.
Memory consumption went from 150.0 MB to 149.9 MB.
Total: 2.829100 ms (FindLiveObjects: 0.281100 ms CreateObjectMapping: 0.088100 ms MarkObjects: 2.329800 ms  DeleteObjects: 0.128700 ms)

AssetImportParameters requested are different than current active one (requested -> active):
  custom:video-decoder-ogg-theora: a1e56fd34408186e4bbccfd4996cb3dc -> 
  custom:container-muxer-webm: aa71ff27fc2769a1b78a27578f13a17b -> 
  custom:container-demuxer-webm: 4f35f7cbe854078d1ac9338744f61a02 -> 
  custom:video-encoder-webm-vp8: eb34c28f22e8b96e1ab97ce403110664 -> 
  custom:audio-encoder-webm-vorbis: bf7c407c2cedff20999df2af8eb42d56 -> 
  custom:framework-win-MediaFoundation: 216162199b28c13a410421893ffa2e32 -> 
  custom:container-demuxer-ogg: 62fdf1f143b41e24485cea50d1cbac27 -> 
  custom:video-decoder-webm-vp8: 9c59270c3fd7afecdb556c50c9e8de78 -> 
  custom:audio-decoder-ogg-vorbis: bf7c407c2cedff20999df2af8eb42d56 -> 
========================================================================
Received Import Request.
  Time since last request: 369.716703 seconds.
  path: Assets/Sprites/!Prefabs/StylRocksMagic_Prefabs/StylRocksMagic_1_LOD0.prefab
  artifactKey: Guid(2c2fd9cd7f114c3429836b1d2a17fe93) Importer(815301076,1909f56bfc062723c751e8b465ee728b)
Start importing Assets/Sprites/!Prefabs/StylRocksMagic_Prefabs/StylRocksMagic_1_LOD0.prefab using Guid(2c2fd9cd7f114c3429836b1d2a17fe93) Importer(815301076,1909f56bfc062723c751e8b465ee728b)  -> (artifact id: 'd0bcf525266cfd612d0a4a67861e3cd0') in 0.132509 seconds 
========================================================================
Received Import Request.
  Time since last request: 0.000023 seconds.
  path: Assets/Sprites/!Prefabs/StylRocksMagic_Prefabs/StylRocksMagic_1_LOD2.prefab
  artifactKey: Guid(f44ce0e119308e845951af39be68af45) Importer(815301076,1909f56bfc062723c751e8b465ee728b)
Start importing Assets/Sprites/!Prefabs/StylRocksMagic_Prefabs/StylRocksMagic_1_LOD2.prefab using Guid(f44ce0e119308e845951af39be68af45) Importer(815301076,1909f56bfc062723c751e8b465ee728b)  -> (artifact id: '0af52392bc64acb5927e53d96b7f255c') in 0.027993 seconds 
========================================================================
Received Import Request.
  Time since last request: 0.000027 seconds.
  path: Assets/Sprites/!Prefabs/StylRocksMagic_Prefabs/StylRocksMagic_3_LOD0.prefab
  artifactKey: Guid(abf2a0eb6df7a144b8ac342669952bd8) Importer(815301076,1909f56bfc062723c751e8b465ee728b)
Start importing Assets/Sprites/!Prefabs/StylRocksMagic_Prefabs/StylRocksMagic_3_LOD0.prefab using Guid(abf2a0eb6df7a144b8ac342669952bd8) Importer(815301076,1909f56bfc062723c751e8b465ee728b)  -> (artifact id: '75ed7efbf6fb4fd92547fbf7ee8cea28') in 0.020586 seconds 
========================================================================
Received Import Request.
  Time since last request: 0.000020 seconds.
  path: Assets/Sprites/!Prefabs/StylRocksMagic_Prefabs/StylRocksMagic_LOD1.prefab
  artifactKey: Guid(7f1487fd0cfb5d94f8bde41eae9d1d66) Importer(815301076,1909f56bfc062723c751e8b465ee728b)
Start importing Assets/Sprites/!Prefabs/StylRocksMagic_Prefabs/StylRocksMagic_LOD1.prefab using Guid(7f1487fd0cfb5d94f8bde41eae9d1d66) Importer(815301076,1909f56bfc062723c751e8b465ee728b)  -> (artifact id: 'ac26e6801af2fa39a655bb8d5186dfe3') in 0.022491 seconds 
========================================================================
Received Import Request.
  Time since last request: 0.000017 seconds.
  path: Assets/Sprites/!Prefabs/StylRocksMagic_Prefabs/StylRocksMagic_3_LOD2.prefab
  artifactKey: Guid(c22a4bb9c0e33d244a9e6c3ed599b376) Importer(815301076,1909f56bfc062723c751e8b465ee728b)
Start importing Assets/Sprites/!Prefabs/StylRocksMagic_Prefabs/StylRocksMagic_3_LOD2.prefab using Guid(c22a4bb9c0e33d244a9e6c3ed599b376) Importer(815301076,1909f56bfc062723c751e8b465ee728b)  -> (artifact id: '7869f0dce2a81ed333a9d5ae3dfec58b') in 0.020218 seconds 
========================================================================
Received Import Request.
  Time since last request: 0.000019 seconds.
  path: Assets/Sprites/!Prefabs/StylRocksMagic_Prefabs/StylRocksMagic_5_LOD0.prefab
  artifactKey: Guid(b20616675454eff4d96f08f2e954af14) Importer(815301076,1909f56bfc062723c751e8b465ee728b)
Start importing Assets/Sprites/!Prefabs/StylRocksMagic_Prefabs/StylRocksMagic_5_LOD0.prefab using Guid(b20616675454eff4d96f08f2e954af14) Importer(815301076,1909f56bfc062723c751e8b465ee728b)  -> (artifact id: '877b634e016e1a371fb405c94c9f13a7') in 0.025323 seconds 
========================================================================
Received Import Request.
  Time since last request: 0.000020 seconds.
  path: Assets/Sprites/!Prefabs/StylRocksMagic_Prefabs/StylRocksMagic_3_LOD1.prefab
  artifactKey: Guid(2c20c83edb8a01047a8955500376e4ad) Importer(815301076,1909f56bfc062723c751e8b465ee728b)
Start importing Assets/Sprites/!Prefabs/StylRocksMagic_Prefabs/StylRocksMagic_3_LOD1.prefab using Guid(2c20c83edb8a01047a8955500376e4ad) Importer(815301076,1909f56bfc062723c751e8b465ee728b)  -> (artifact id: '56060427f702caebbd395125d6e1b65d') in 0.027178 seconds 
========================================================================
Received Import Request.
  Time since last request: 0.000017 seconds.
  path: Assets/Sprites/!Prefabs/StylRocksMagic_Prefabs/StylRocksMagic_5_LOD2.prefab
  artifactKey: Guid(d0f44517beb7c2847afffad3da3d9f7b) Importer(815301076,1909f56bfc062723c751e8b465ee728b)
Start importing Assets/Sprites/!Prefabs/StylRocksMagic_Prefabs/StylRocksMagic_5_LOD2.prefab using Guid(d0f44517beb7c2847afffad3da3d9f7b) Importer(815301076,1909f56bfc062723c751e8b465ee728b)  -> (artifact id: '848057dbdf0b833b3e33b429c6d837aa') in 0.023768 seconds 
========================================================================
Received Import Request.
  Time since last request: 0.000021 seconds.
  path: Assets/Sprites/!Prefabs/StylRocksMagic_Prefabs/StylRocksMagic_LOD0.prefab
  artifactKey: Guid(ad22f56e0d27e9043a9987ae927861a6) Importer(815301076,1909f56bfc062723c751e8b465ee728b)
Start importing Assets/Sprites/!Prefabs/StylRocksMagic_Prefabs/StylRocksMagic_LOD0.prefab using Guid(ad22f56e0d27e9043a9987ae927861a6) Importer(815301076,1909f56bfc062723c751e8b465ee728b)  -> (artifact id: 'f3228f2fb7b326f5fc89a4e3da597516') in 0.024196 seconds 
========================================================================
Received Import Request.
  Time since last request: 354.571010 seconds.
  path: Assets/Sprites/FantasyEnvironments/Environments/FBX/Flower2.FBX
  artifactKey: Guid(d62931e0a9d452d4b8c6e29df7ab3868) Importer(815301076,1909f56bfc062723c751e8b465ee728b)
Start importing Assets/Sprites/FantasyEnvironments/Environments/FBX/Flower2.FBX using Guid(d62931e0a9d452d4b8c6e29df7ab3868) Importer(815301076,1909f56bfc062723c751e8b465ee728b)  -> (artifact id: 'c0828544a30f54177599ac5884788c89') in 0.055009 seconds 
========================================================================
Received Import Request.
  Time since last request: 818.761485 seconds.
  path: Assets/Sprites/!Prefabs/Plant_05a.prefab
  artifactKey: Guid(6b308a2cf4784674b84bff2819583aad) Importer(815301076,1909f56bfc062723c751e8b465ee728b)
Start importing Assets/Sprites/!Prefabs/Plant_05a.prefab using Guid(6b308a2cf4784674b84bff2819583aad) Importer(815301076,1909f56bfc062723c751e8b465ee728b)  -> (artifact id: 'a66481ad8c397eee4bd57d8d7d1c245a') in 0.015086 seconds 
========================================================================
Received Import Request.
  Time since last request: 82.728694 seconds.
  path: Assets/Sprites/A_piece_of_nature/Materials/Pine_tree.mat
  artifactKey: Guid(cd07d8a28e2acb9468ecb30a6f45820b) Importer(815301076,1909f56bfc062723c751e8b465ee728b)
Start importing Assets/Sprites/A_piece_of_nature/Materials/Pine_tree.mat using Guid(cd07d8a28e2acb9468ecb30a6f45820b) Importer(815301076,1909f56bfc062723c751e8b465ee728b)  -> (artifact id: '59fca4a353d0fff69ca186a049d8840a') in 0.071160 seconds 
========================================================================
Received Import Request.
  Time since last request: 0.000023 seconds.
  path: Assets/Sprites/A_piece_of_nature/Models/Pine_tree.FBX
  artifactKey: Guid(a0bd7523e1445f147886c60f88830141) Importer(815301076,1909f56bfc062723c751e8b465ee728b)
Start importing Assets/Sprites/A_piece_of_nature/Models/Pine_tree.FBX using Guid(a0bd7523e1445f147886c60f88830141) Importer(815301076,1909f56bfc062723c751e8b465ee728b)  -> (artifact id: '2831f85349adb368b463f3666c6fb563') in 0.030025 seconds 
========================================================================
Received Import Request.
  Time since last request: 472.837830 seconds.
  path: Assets/Sprites/!Prefabs/WoodenCrate.prefab
  artifactKey: Guid(217352bf0da9ebb458dbf7e513e2735d) Importer(815301076,1909f56bfc062723c751e8b465ee728b)
Start importing Assets/Sprites/!Prefabs/WoodenCrate.prefab using Guid(217352bf0da9ebb458dbf7e513e2735d) Importer(815301076,1909f56bfc062723c751e8b465ee728b)  -> (artifact id: '592c6f171b6c7e613b89242b6517cc94') in 0.016079 seconds 
========================================================================
Received Import Request.
  Time since last request: 74.381210 seconds.
  path: Assets/Sprites/Character/Cartoon Heroes/Female/Textures/Heads/Head_1/Female_Head_1_Normals.tga
  artifactKey: Guid(3db5bacef9acf3e448c765822f50dd33) Importer(815301076,1909f56bfc062723c751e8b465ee728b)
Start importing Assets/Sprites/Character/Cartoon Heroes/Female/Textures/Heads/Head_1/Female_Head_1_Normals.tga using Guid(3db5bacef9acf3e448c765822f50dd33) Importer(815301076,1909f56bfc062723c751e8b465ee728b)  -> (artifact id: '207451e391119d75e4b1ca3592b6f973') in 0.043441 seconds 
========================================================================
Received Import Request.
  Time since last request: 0.000022 seconds.
  path: Assets/Sprites/Medieval_Gold/textures/gold_coin_normals.tif
  artifactKey: Guid(216cd6ab4ba2b354c85bf24c22fd9bc3) Importer(815301076,1909f56bfc062723c751e8b465ee728b)
Start importing Assets/Sprites/Medieval_Gold/textures/gold_coin_normals.tif using Guid(216cd6ab4ba2b354c85bf24c22fd9bc3) Importer(815301076,1909f56bfc062723c751e8b465ee728b)  -> (artifact id: '5387827ebf310c5fa1afa89973fd67d1') in 0.022704 seconds 
========================================================================
Received Import Request.
  Time since last request: 0.000018 seconds.
  path: Assets/Sprites/Character/Cartoon Heroes/Female/Textures/Torsos/Torso_3/Female_Torso_3_Red.tga
  artifactKey: Guid(3057fd2a75f0a6e45b2d2a333aef543c) Importer(815301076,1909f56bfc062723c751e8b465ee728b)
Start importing Assets/Sprites/Character/Cartoon Heroes/Female/Textures/Torsos/Torso_3/Female_Torso_3_Red.tga using Guid(3057fd2a75f0a6e45b2d2a333aef543c) Importer(815301076,1909f56bfc062723c751e8b465ee728b)  -> (artifact id: 'cf94fee49ff9a9f1167aa645c9db19db') in 0.034912 seconds 
========================================================================
Received Import Request.
  Time since last request: 0.000018 seconds.
  path: Assets/Sprites/Medieval_Gold/textures/gold_bar_Specular.tif
  artifactKey: Guid(a2ba1c08f55b40046815ad0b116178e3) Importer(815301076,1909f56bfc062723c751e8b465ee728b)
Start importing Assets/Sprites/Medieval_Gold/textures/gold_bar_Specular.tif using Guid(a2ba1c08f55b40046815ad0b116178e3) Importer(815301076,1909f56bfc062723c751e8b465ee728b)  -> (artifact id: '78e85a429859d097bc237e8499c4cf05') in 0.015350 seconds 
========================================================================
Received Import Request.
  Time since last request: 0.000017 seconds.
  path: Assets/Sprites/Character/Cartoon Heroes/Female/Textures/Legs/Legs_1/Female_Legs_1_Skin_Covered.tga
  artifactKey: Guid(ab8631b81522cc4428d8a51cb46b93fc) Importer(815301076,1909f56bfc062723c751e8b465ee728b)
Start importing Assets/Sprites/Character/Cartoon Heroes/Female/Textures/Legs/Legs_1/Female_Legs_1_Skin_Covered.tga using Guid(ab8631b81522cc4428d8a51cb46b93fc) Importer(815301076,1909f56bfc062723c751e8b465ee728b)  -> (artifact id: 'f34fe800a06f5e16fbc417397742b6d2') in 0.018330 seconds 
========================================================================
Received Import Request.
  Time since last request: 0.000022 seconds.
  path: Assets/Sprites/Props/Multistory Dungeons 2/Textures/FX_Smoke_MD_01.psd
  artifactKey: Guid(b946e1039ab444399401facd2a6700e5) Importer(815301076,1909f56bfc062723c751e8b465ee728b)
Start importing Assets/Sprites/Props/Multistory Dungeons 2/Textures/FX_Smoke_MD_01.psd using Guid(b946e1039ab444399401facd2a6700e5) Importer(815301076,1909f56bfc062723c751e8b465ee728b)  -> (artifact id: '47379c7e34811f9c05b094a6007717d0') in 0.016521 seconds 
========================================================================
Received Import Request.
  Time since last request: 0.000023 seconds.
  path: Assets/Sprites/Medieval_Gold/textures/gold_coin_Specular.tif
  artifactKey: Guid(28cf07dc6497ea84f8d5cd556e4f2bea) Importer(815301076,1909f56bfc062723c751e8b465ee728b)
Start importing Assets/Sprites/Medieval_Gold/textures/gold_coin_Specular.tif using Guid(28cf07dc6497ea84f8d5cd556e4f2bea) Importer(815301076,1909f56bfc062723c751e8b465ee728b)  -> (artifact id: 'dbbddcbbd58a545dceabb0e90d0d67c8') in 0.014921 seconds 
========================================================================
Received Import Request.
  Time since last request: 0.000028 seconds.
  path: Assets/Sprites/A_piece_of_nature/Textures/Gradient.png
  artifactKey: Guid(1dc814cb85d4a0841aee0ef93bc8051d) Importer(815301076,1909f56bfc062723c751e8b465ee728b)
Start importing Assets/Sprites/A_piece_of_nature/Textures/Gradient.png using Guid(1dc814cb85d4a0841aee0ef93bc8051d) Importer(815301076,1909f56bfc062723c751e8b465ee728b)  -> (artifact id: '6b00c417824db5eb105c4b2cc677e158') in 0.029282 seconds 
========================================================================
Received Import Request.
  Time since last request: 0.000024 seconds.
  path: Assets/Sprites/Character/Cartoon Heroes/Female/Textures/Heads/Head_2/Female_Head_2_Normals.tga
  artifactKey: Guid(e08c4158e9f33e24fabb65e0630748c4) Importer(815301076,1909f56bfc062723c751e8b465ee728b)
Start importing Assets/Sprites/Character/Cartoon Heroes/Female/Textures/Heads/Head_2/Female_Head_2_Normals.tga using Guid(e08c4158e9f33e24fabb65e0630748c4) Importer(815301076,1909f56bfc062723c751e8b465ee728b)  -> (artifact id: 'b7e1911b271e39158cba8a549feb6067') in 0.016560 seconds 
========================================================================
Received Import Request.
  Time since last request: 0.000017 seconds.
  path: Assets/Sprites/Character/Cartoon Heroes/Female/Textures/Heads/Head_3/Female_Head_3_Normals.tga
  artifactKey: Guid(52854a4610d9acc47a31d9590fe9620d) Importer(815301076,1909f56bfc062723c751e8b465ee728b)
Start importing Assets/Sprites/Character/Cartoon Heroes/Female/Textures/Heads/Head_3/Female_Head_3_Normals.tga using Guid(52854a4610d9acc47a31d9590fe9620d) Importer(815301076,1909f56bfc062723c751e8b465ee728b)  -> (artifact id: '8e209aad39224bf33930ed8a61d48ac6') in 0.018646 seconds 
========================================================================
Received Import Request.
  Time since last request: 0.000017 seconds.
  path: Assets/Sprites/Dinner table/Textures/Gradient.tif
  artifactKey: Guid(83012c93ea0992444aa9ccacc6952dd0) Importer(815301076,1909f56bfc062723c751e8b465ee728b)
Start importing Assets/Sprites/Dinner table/Textures/Gradient.tif using Guid(83012c93ea0992444aa9ccacc6952dd0) Importer(815301076,1909f56bfc062723c751e8b465ee728b)  -> (artifact id: '51a87dbfb94ce35970a7ec74c964ed70') in 0.090628 seconds 
========================================================================
Received Import Request.
  Time since last request: 0.000023 seconds.
  path: Assets/Sprites/Toon Crystals pack/Textures/Hexahedral_RedCrystal.tga
  artifactKey: Guid(2591a3540e41fce4595b9b29e434fcae) Importer(815301076,1909f56bfc062723c751e8b465ee728b)
Start importing Assets/Sprites/Toon Crystals pack/Textures/Hexahedral_RedCrystal.tga using Guid(2591a3540e41fce4595b9b29e434fcae) Importer(815301076,1909f56bfc062723c751e8b465ee728b)  -> (artifact id: 'f8db5a39c8a6b7f07f815e2050e6477a') in 0.015003 seconds 
========================================================================
Received Import Request.
  Time since last request: 716.188247 seconds.
  path: Assets/Sprites/!Prefabs/Materials/Chest.mat
  artifactKey: Guid(9ab26fd350e87284cb4fa3242a797a2d) Importer(815301076,1909f56bfc062723c751e8b465ee728b)
Start importing Assets/Sprites/!Prefabs/Materials/Chest.mat using Guid(9ab26fd350e87284cb4fa3242a797a2d) Importer(815301076,1909f56bfc062723c751e8b465ee728b)  -> (artifact id: '190b994d7faaea0cfe28f893fadf42f6') in 0.011272 seconds 
========================================================================
Received Import Request.
  Time since last request: 0.000026 seconds.
  path: Assets/Sprites/Props/Multistory Dungeons 2/Meshes/SRC_Props/Treasure_Chest_Base_02.fbx
  artifactKey: Guid(d1ed3dd810cc431299ee863fa4bd4f10) Importer(815301076,1909f56bfc062723c751e8b465ee728b)
Start importing Assets/Sprites/Props/Multistory Dungeons 2/Meshes/SRC_Props/Treasure_Chest_Base_02.fbx using Guid(d1ed3dd810cc431299ee863fa4bd4f10) Importer(815301076,1909f56bfc062723c751e8b465ee728b)  -> (artifact id: 'ab8b7175b134848c34a106e3feb0d8e0') in 0.030098 seconds 
========================================================================
Received Import Request.
  Time since last request: 0.000018 seconds.
  path: Assets/Sprites/Props/Multistory Dungeons 2/Prefabs/Props/Treasure_Chest_Base_02.prefab
  artifactKey: Guid(f145d8a31a7a4126899cac55d3396d94) Importer(815301076,1909f56bfc062723c751e8b465ee728b)
Start importing Assets/Sprites/Props/Multistory Dungeons 2/Prefabs/Props/Treasure_Chest_Base_02.prefab using Guid(f145d8a31a7a4126899cac55d3396d94) Importer(815301076,1909f56bfc062723c751e8b465ee728b)  -> (artifact id: 'd15808c4b7f96cfad77be18cbd5d2f0c') in 0.027791 seconds 
========================================================================
Received Import Request.
  Time since last request: 0.000028 seconds.
  path: Assets/Sprites/Props/Multistory Dungeons 2/Meshes/SRC_Props/Treasure_Chest_lid_01.fbx
  artifactKey: Guid(cf6b3584a9ef4f97a612bc162be903cd) Importer(815301076,1909f56bfc062723c751e8b465ee728b)
Start importing Assets/Sprites/Props/Multistory Dungeons 2/Meshes/SRC_Props/Treasure_Chest_lid_01.fbx using Guid(cf6b3584a9ef4f97a612bc162be903cd) Importer(815301076,1909f56bfc062723c751e8b465ee728b)  -> (artifact id: '4f495e80a133e267ff0f76c7d716efdc') in 0.037587 seconds 
========================================================================
Received Import Request.
  Time since last request: 0.000025 seconds.
  path: Assets/Sprites/Props/Multistory Dungeons 2/Prefabs/Props/Treasure_Chest_01.prefab
  artifactKey: Guid(8ae5714440a54f42a374a1787987d54f) Importer(815301076,1909f56bfc062723c751e8b465ee728b)
Start importing Assets/Sprites/Props/Multistory Dungeons 2/Prefabs/Props/Treasure_Chest_01.prefab using Guid(8ae5714440a54f42a374a1787987d54f) Importer(815301076,1909f56bfc062723c751e8b465ee728b)  -> (artifact id: '6d9b40b618300ff8e2d769a52ff676c9') in 0.026501 seconds 
Editor requested this worker to shutdown with reason: Scaling down because of idle timeout
AssetImportWorkerClient::OnTransportError - code=2 error=End of file
AssetImportWorker is now disconnected from the server
Process exiting
Exiting without the bug reporter. Application will terminate with return code 0