Using pre-set license
Built from '2021.3/staging' branch; Version is '2021.3.6f1 (7da38d85baf6) revision 8233869'; Using compiler version '192829333'; Build Type 'Release'
OS: 'Windows 11  (10.0.22000) 64bit Professional' Language: 'en' Physical Memory: 32689 MB
BatchMode: 1, IsHumanControllingUs: 0, StartBugReporterOnCrash: 0, Is64bit: 1, IsPro: 1

COMMAND LINE ARGUMENTS:
C:\Program Files\Unity\Hub\Editor\2021.3.6f1\Editor\Unity.exe
-adb2
-batchMode
-noUpm
-name
AssetImportWorker9
-projectPath
O:/MSc AI/Dissertation-Project/RPG
-logFile
Logs/AssetImportWorker9.log
-srvPort
55466
Successfully changed project path to: O:/MSc AI/Dissertation-Project/RPG
O:/MSc AI/Dissertation-Project/RPG
[UnityMemory] Configuration Parameters - Can be set up in boot.config
    "memorysetup-bucket-allocator-granularity=16"
    "memorysetup-bucket-allocator-bucket-count=8"
    "memorysetup-bucket-allocator-block-size=33554432"
    "memorysetup-bucket-allocator-block-count=8"
    "memorysetup-main-allocator-block-size=16777216"
    "memorysetup-thread-allocator-block-size=16777216"
    "memorysetup-gfx-main-allocator-block-size=16777216"
    "memorysetup-gfx-thread-allocator-block-size=16777216"
    "memorysetup-cache-allocator-block-size=4194304"
    "memorysetup-typetree-allocator-block-size=2097152"
    "memorysetup-profiler-bucket-allocator-granularity=16"
    "memorysetup-profiler-bucket-allocator-bucket-count=8"
    "memorysetup-profiler-bucket-allocator-block-size=33554432"
    "memorysetup-profiler-bucket-allocator-block-count=8"
    "memorysetup-profiler-allocator-block-size=16777216"
    "memorysetup-profiler-editor-allocator-block-size=1048576"
    "memorysetup-temp-allocator-size-main=16777216"
    "memorysetup-job-temp-allocator-block-size=2097152"
    "memorysetup-job-temp-allocator-block-size-background=1048576"
    "memorysetup-job-temp-allocator-reduction-small-platforms=262144"
    "memorysetup-temp-allocator-size-background-worker=32768"
    "memorysetup-temp-allocator-size-job-worker=262144"
    "memorysetup-temp-allocator-size-preload-manager=33554432"
    "memorysetup-temp-allocator-size-nav-mesh-worker=65536"
    "memorysetup-temp-allocator-size-audio-worker=65536"
    "memorysetup-temp-allocator-size-cloud-worker=32768"
    "memorysetup-temp-allocator-size-gi-baking-worker=262144"
    "memorysetup-temp-allocator-size-gfx=262144"
Refreshing native plugins compatible for Editor in 201.57 ms, found 3 plugins.
Preloading 0 native plugins for Editor in 0.00 ms.
Initialize engine version: 2021.3.6f1 (7da38d85baf6)
[Subsystems] Discovering subsystems at path C:/Program Files/Unity/Hub/Editor/2021.3.6f1/Editor/Data/Resources/UnitySubsystems
[Subsystems] Discovering subsystems at path O:/MSc AI/Dissertation-Project/RPG/Assets
GfxDevice: creating device client; threaded=0; jobified=0
Direct3D:
    Version:  Direct3D 11.0 [level 11.1]
    Renderer: NVIDIA GeForce RTX 3070 (ID=0x2484)
    Vendor:   NVIDIA
    VRAM:     8043 MB
    Driver:   31.0.15.1659
Shader Custom/UnlitShadow uses undefined Queue: 'Opaque'
Shader Custom/UnlitShadow uses undefined Queue: 'Opaque'
Initialize mono
Mono path[0] = 'C:/Program Files/Unity/Hub/Editor/2021.3.6f1/Editor/Data/Managed'
Mono path[1] = 'C:/Program Files/Unity/Hub/Editor/2021.3.6f1/Editor/Data/MonoBleedingEdge/lib/mono/unityjit-win32'
Mono config path = 'C:/Program Files/Unity/Hub/Editor/2021.3.6f1/Editor/Data/MonoBleedingEdge/etc'
Using monoOptions --debugger-agent=transport=dt_socket,embedding=1,server=y,suspend=n,address=127.0.0.1:56476
Begin MonoManager ReloadAssembly
Registering precompiled unity dll's ...
Register platform support module: C:/Program Files/Unity/Hub/Editor/2021.3.6f1/Editor/Data/PlaybackEngines/MacStandaloneSupport/UnityEditor.OSXStandalone.Extensions.dll
Register platform support module: C:/Program Files/Unity/Hub/Editor/2021.3.6f1/Editor/Data/PlaybackEngines/WindowsStandaloneSupport/UnityEditor.WindowsStandalone.Extensions.dll
Registered in 0.004230 seconds.
Native extension for WindowsStandalone target not found
Native extension for OSXStandalone target not found
Refreshing native plugins compatible for Editor in 119.33 ms, found 3 plugins.
Preloading 0 native plugins for Editor in 0.00 ms.
Mono: successfully reloaded assembly
- Completed reload, in  0.662 seconds
Domain Reload Profiling:
	ReloadAssembly (663ms)
		BeginReloadAssembly (84ms)
			ExecutionOrderSort (0ms)
			DisableScriptedObjects (0ms)
			BackupInstance (0ms)
			ReleaseScriptingObjects (0ms)
			CreateAndSetChildDomain (1ms)
		EndReloadAssembly (456ms)
			LoadAssemblies (83ms)
			RebuildTransferFunctionScriptingTraits (0ms)
			SetupTypeCache (105ms)
			ReleaseScriptCaches (0ms)
			RebuildScriptCaches (20ms)
			SetupLoadedEditorAssemblies (285ms)
				LogAssemblyErrors (0ms)
				InitializePlatformSupportModulesInManaged (9ms)
				SetLoadedEditorAssemblies (0ms)
				RefreshPlugins (119ms)
				BeforeProcessingInitializeOnLoad (1ms)
				ProcessInitializeOnLoadAttributes (120ms)
				ProcessInitializeOnLoadMethodAttributes (34ms)
				AfterProcessingInitializeOnLoad (0ms)
				EditorAssembliesLoaded (0ms)
			ExecutionOrderSort2 (0ms)
			AwakeInstancesAfterBackupRestoration (0ms)
Platform modules already initialized, skipping
Registering precompiled user dll's ...
Registered in 0.003282 seconds.
Begin MonoManager ReloadAssembly
Symbol file LoadedFromMemory doesn't match image O:\MSc AI\Dissertation-Project\RPG\Library\PackageCache\com.unity.visualscripting@1.7.8\Editor\VisualScripting.Core\Dependencies\YamlDotNet\Unity.VisualScripting.YamlDotNet.dll
Symbol file LoadedFromMemory doesn't match image O:\MSc AI\Dissertation-Project\RPG\Library\PackageCache\com.unity.visualscripting@1.7.8\Editor\VisualScripting.Core\Dependencies\DotNetZip\Unity.VisualScripting.IonicZip.dll
Native extension for WindowsStandalone target not found
Native extension for OSXStandalone target not found
Refreshing native plugins compatible for Editor in 1.33 ms, found 3 plugins.
Preloading 0 native plugins for Editor in 0.00 ms.
Mono: successfully reloaded assembly
- Completed reload, in  0.925 seconds
Domain Reload Profiling:
	ReloadAssembly (926ms)
		BeginReloadAssembly (97ms)
			ExecutionOrderSort (0ms)
			DisableScriptedObjects (4ms)
			BackupInstance (0ms)
			ReleaseScriptingObjects (0ms)
			CreateAndSetChildDomain (18ms)
		EndReloadAssembly (736ms)
			LoadAssemblies (70ms)
			RebuildTransferFunctionScriptingTraits (0ms)
			SetupTypeCache (216ms)
			ReleaseScriptCaches (1ms)
			RebuildScriptCaches (51ms)
			SetupLoadedEditorAssemblies (370ms)
				LogAssemblyErrors (0ms)
				InitializePlatformSupportModulesInManaged (6ms)
				SetLoadedEditorAssemblies (0ms)
				RefreshPlugins (1ms)
				BeforeProcessingInitializeOnLoad (85ms)
				ProcessInitializeOnLoadAttributes (249ms)
				ProcessInitializeOnLoadMethodAttributes (23ms)
				AfterProcessingInitializeOnLoad (5ms)
				EditorAssembliesLoaded (0ms)
			ExecutionOrderSort2 (0ms)
			AwakeInstancesAfterBackupRestoration (5ms)
Platform modules already initialized, skipping
========================================================================
Worker process is ready to serve import requests
Shader Custom/UnlitShadow uses undefined Queue: 'Opaque'
Shader Custom/UnlitShadow uses undefined Queue: 'Opaque'
Launched and connected shader compiler UnityShaderCompiler.exe after 0.04 seconds
Refreshing native plugins compatible for Editor in 1.18 ms, found 3 plugins.
Preloading 0 native plugins for Editor in 0.00 ms.
Unloading 4146 Unused Serialized files (Serialized files now loaded: 0)
Unloading 53 unused Assets / (1.4 MB). Loaded Objects now: 4628.
Memory consumption went from 242.0 MB to 240.6 MB.
Total: 3.397700 ms (FindLiveObjects: 0.313700 ms CreateObjectMapping: 0.104800 ms MarkObjects: 2.600800 ms  DeleteObjects: 0.377600 ms)

AssetImportParameters requested are different than current active one (requested -> active):
  custom:video-decoder-ogg-theora: a1e56fd34408186e4bbccfd4996cb3dc -> 
  custom:container-muxer-webm: aa71ff27fc2769a1b78a27578f13a17b -> 
  custom:container-demuxer-webm: 4f35f7cbe854078d1ac9338744f61a02 -> 
  custom:video-encoder-webm-vp8: eb34c28f22e8b96e1ab97ce403110664 -> 
  custom:audio-encoder-webm-vorbis: bf7c407c2cedff20999df2af8eb42d56 -> 
  custom:framework-win-MediaFoundation: 216162199b28c13a410421893ffa2e32 -> 
  custom:container-demuxer-ogg: 62fdf1f143b41e24485cea50d1cbac27 -> 
  custom:video-decoder-webm-vp8: 9c59270c3fd7afecdb556c50c9e8de78 -> 
  custom:audio-decoder-ogg-vorbis: bf7c407c2cedff20999df2af8eb42d56 -> 
========================================================================
Received Prepare
Registering precompiled user dll's ...
Registered in 0.002607 seconds.
Begin MonoManager ReloadAssembly
Symbol file LoadedFromMemory doesn't match image O:\MSc AI\Dissertation-Project\RPG\Library\PackageCache\com.unity.visualscripting@1.7.8\Editor\VisualScripting.Core\Dependencies\YamlDotNet\Unity.VisualScripting.YamlDotNet.dll
Symbol file LoadedFromMemory doesn't match image O:\MSc AI\Dissertation-Project\RPG\Library\PackageCache\com.unity.visualscripting@1.7.8\Editor\VisualScripting.Core\Dependencies\DotNetZip\Unity.VisualScripting.IonicZip.dll
Native extension for WindowsStandalone target not found
Native extension for OSXStandalone target not found
Refreshing native plugins compatible for Editor in 2.01 ms, found 3 plugins.
Preloading 0 native plugins for Editor in 0.00 ms.
Mono: successfully reloaded assembly
- Completed reload, in  0.844 seconds
Domain Reload Profiling:
	ReloadAssembly (844ms)
		BeginReloadAssembly (111ms)
			ExecutionOrderSort (0ms)
			DisableScriptedObjects (4ms)
			BackupInstance (0ms)
			ReleaseScriptingObjects (0ms)
			CreateAndSetChildDomain (39ms)
		EndReloadAssembly (657ms)
			LoadAssemblies (58ms)
			RebuildTransferFunctionScriptingTraits (0ms)
			SetupTypeCache (194ms)
			ReleaseScriptCaches (1ms)
			RebuildScriptCaches (33ms)
			SetupLoadedEditorAssemblies (324ms)
				LogAssemblyErrors (0ms)
				InitializePlatformSupportModulesInManaged (19ms)
				SetLoadedEditorAssemblies (1ms)
				RefreshPlugins (2ms)
				BeforeProcessingInitializeOnLoad (62ms)
				ProcessInitializeOnLoadAttributes (213ms)
				ProcessInitializeOnLoadMethodAttributes (22ms)
				AfterProcessingInitializeOnLoad (5ms)
				EditorAssembliesLoaded (0ms)
			ExecutionOrderSort2 (0ms)
			AwakeInstancesAfterBackupRestoration (4ms)
Platform modules already initialized, skipping
Shader Custom/UnlitShadow uses undefined Queue: 'Opaque'
Shader Custom/UnlitShadow uses undefined Queue: 'Opaque'
Refreshing native plugins compatible for Editor in 3.09 ms, found 3 plugins.
Preloading 0 native plugins for Editor in 0.00 ms.
Unloading 4086 Unused Serialized files (Serialized files now loaded: 0)
Unloading 34 unused Assets / (1.4 MB). Loaded Objects now: 4643.
Memory consumption went from 236.4 MB to 235.0 MB.
Total: 3.128700 ms (FindLiveObjects: 0.306200 ms CreateObjectMapping: 0.105300 ms MarkObjects: 2.378800 ms  DeleteObjects: 0.337500 ms)

AssetImportParameters requested are different than current active one (requested -> active):
  custom:video-decoder-ogg-theora: a1e56fd34408186e4bbccfd4996cb3dc -> 
  custom:container-muxer-webm: aa71ff27fc2769a1b78a27578f13a17b -> 
  custom:container-demuxer-webm: 4f35f7cbe854078d1ac9338744f61a02 -> 
  custom:video-encoder-webm-vp8: eb34c28f22e8b96e1ab97ce403110664 -> 
  custom:audio-encoder-webm-vorbis: bf7c407c2cedff20999df2af8eb42d56 -> 
  custom:framework-win-MediaFoundation: 216162199b28c13a410421893ffa2e32 -> 
  custom:container-demuxer-ogg: 62fdf1f143b41e24485cea50d1cbac27 -> 
  custom:video-decoder-webm-vp8: 9c59270c3fd7afecdb556c50c9e8de78 -> 
  custom:audio-decoder-ogg-vorbis: bf7c407c2cedff20999df2af8eb42d56 -> 
========================================================================
Received Import Request.
  Time since last request: 48024.228413 seconds.
  path: Assets/Magic/Mirza Beig/Particle Systems/Inferno VFX/Prefabs/Oneshot/pf_vfx-inf_psys_demo_oneshot_breathOfFire2.prefab
  artifactKey: Guid(859314aa1e89231498b3eea18904b91e) Importer(815301076,1909f56bfc062723c751e8b465ee728b)
Start importing Assets/Magic/Mirza Beig/Particle Systems/Inferno VFX/Prefabs/Oneshot/pf_vfx-inf_psys_demo_oneshot_breathOfFire2.prefab using Guid(859314aa1e89231498b3eea18904b91e) Importer(815301076,1909f56bfc062723c751e8b465ee728b)  -> (artifact id: '4c2f80e181d2a7285a523e4dce887271') in 0.165793 seconds 
========================================================================
Received Import Request.
  Time since last request: 0.000040 seconds.
  path: Assets/Magic/Mirza Beig/Particle Systems/Inferno VFX/Prefabs/Oneshot/pf_vfx-inf_psys_demo_oneshot_muzzleFlash2-add.prefab
  artifactKey: Guid(0b1c46bd2577c5e4a89c617ba2906caa) Importer(815301076,1909f56bfc062723c751e8b465ee728b)
Start importing Assets/Magic/Mirza Beig/Particle Systems/Inferno VFX/Prefabs/Oneshot/pf_vfx-inf_psys_demo_oneshot_muzzleFlash2-add.prefab using Guid(0b1c46bd2577c5e4a89c617ba2906caa) Importer(815301076,1909f56bfc062723c751e8b465ee728b)  -> (artifact id: '87cdcc7511ac11e347c071876e8a0c46') in 0.051018 seconds 
========================================================================
Received Import Request.
  Time since last request: 0.000041 seconds.
  path: Assets/Magic/Mirza Beig/Particle Systems/Inferno VFX/Prefabs/Oneshot/pf_vfx-inf_psys_demo_oneshot_flashBang-add.prefab
  artifactKey: Guid(28a8738b2fd55944f9d5f2d4beb38fb5) Importer(815301076,1909f56bfc062723c751e8b465ee728b)
Start importing Assets/Magic/Mirza Beig/Particle Systems/Inferno VFX/Prefabs/Oneshot/pf_vfx-inf_psys_demo_oneshot_flashBang-add.prefab using Guid(28a8738b2fd55944f9d5f2d4beb38fb5) Importer(815301076,1909f56bfc062723c751e8b465ee728b)  -> (artifact id: 'e5abded46ad80f42c88db40d55372837') in 0.037188 seconds 
========================================================================
Received Import Request.
  Time since last request: 0.000080 seconds.
  path: Assets/Magic/Mirza Beig/Particle Systems/Inferno VFX/Prefabs/Oneshot/pf_vfx-inf_psys_demo_oneshot_flashBang2.prefab
  artifactKey: Guid(1217dbe974e5c354fb4cd2495c6602fa) Importer(815301076,1909f56bfc062723c751e8b465ee728b)
Start importing Assets/Magic/Mirza Beig/Particle Systems/Inferno VFX/Prefabs/Oneshot/pf_vfx-inf_psys_demo_oneshot_flashBang2.prefab using Guid(1217dbe974e5c354fb4cd2495c6602fa) Importer(815301076,1909f56bfc062723c751e8b465ee728b)  -> (artifact id: '632e6e19cc812cfb36cd9f7affd83877') in 0.031068 seconds 
========================================================================
Received Import Request.
  Time since last request: 0.000026 seconds.
  path: Assets/Magic/Mirza Beig/Particle Systems/Inferno VFX/Prefabs/Oneshot/pf_vfx-inf_psys_demo_oneshot_muzzleFlash.prefab
  artifactKey: Guid(de2902cbd29e98240b36c685c0d96521) Importer(815301076,1909f56bfc062723c751e8b465ee728b)
Start importing Assets/Magic/Mirza Beig/Particle Systems/Inferno VFX/Prefabs/Oneshot/pf_vfx-inf_psys_demo_oneshot_muzzleFlash.prefab using Guid(de2902cbd29e98240b36c685c0d96521) Importer(815301076,1909f56bfc062723c751e8b465ee728b)  -> (artifact id: 'a687d5cf9783303db29670683bca447f') in 0.031969 seconds 
========================================================================
Received Import Request.
  Time since last request: 0.000034 seconds.
  path: Assets/Magic/Mirza Beig/Particle Systems/Inferno VFX/Prefabs/Oneshot/pf_vfx-inf_psys_demo_oneshot_comicExplosion3.prefab
  artifactKey: Guid(ab991bab333298d498ffa1fce6067948) Importer(815301076,1909f56bfc062723c751e8b465ee728b)
Start importing Assets/Magic/Mirza Beig/Particle Systems/Inferno VFX/Prefabs/Oneshot/pf_vfx-inf_psys_demo_oneshot_comicExplosion3.prefab using Guid(ab991bab333298d498ffa1fce6067948) Importer(815301076,1909f56bfc062723c751e8b465ee728b)  -> (artifact id: '284483f4cc43b6f751803e949e265c66') in 0.030446 seconds 
========================================================================
Received Import Request.
  Time since last request: 0.000027 seconds.
  path: Assets/Magic/Mirza Beig/Particle Systems/Inferno VFX/Prefabs/Oneshot/pf_vfx-inf_psys_demo_oneshot_flashBang3.prefab
  artifactKey: Guid(2f2c85c180e8bf24098115c88db09ef6) Importer(815301076,1909f56bfc062723c751e8b465ee728b)
Start importing Assets/Magic/Mirza Beig/Particle Systems/Inferno VFX/Prefabs/Oneshot/pf_vfx-inf_psys_demo_oneshot_flashBang3.prefab using Guid(2f2c85c180e8bf24098115c88db09ef6) Importer(815301076,1909f56bfc062723c751e8b465ee728b)  -> (artifact id: 'e521730d01fd8a76e29f7b063d2222ce') in 0.030795 seconds 
========================================================================
Received Import Request.
  Time since last request: 0.000027 seconds.
  path: Assets/Magic/Mirza Beig/Particle Systems/Inferno VFX/Prefabs/Oneshot/pf_vfx-inf_psys_demo_oneshot_comicExplosion2-x2.prefab
  artifactKey: Guid(2f7b075e2352d564ba0e9b3bcb803562) Importer(815301076,1909f56bfc062723c751e8b465ee728b)
Start importing Assets/Magic/Mirza Beig/Particle Systems/Inferno VFX/Prefabs/Oneshot/pf_vfx-inf_psys_demo_oneshot_comicExplosion2-x2.prefab using Guid(2f7b075e2352d564ba0e9b3bcb803562) Importer(815301076,1909f56bfc062723c751e8b465ee728b)  -> (artifact id: '76e8019c46644f0c29d5be46f3b7ea76') in 0.035354 seconds 
========================================================================
Received Import Request.
  Time since last request: 0.000025 seconds.
  path: Assets/Magic/Mirza Beig/Particle Systems/Inferno VFX/Prefabs/Oneshot/pf_vfx-inf_psys_demo_oneshot_fire.prefab
  artifactKey: Guid(40276876051cfed47a5fd79b980364a6) Importer(815301076,1909f56bfc062723c751e8b465ee728b)
Start importing Assets/Magic/Mirza Beig/Particle Systems/Inferno VFX/Prefabs/Oneshot/pf_vfx-inf_psys_demo_oneshot_fire.prefab using Guid(40276876051cfed47a5fd79b980364a6) Importer(815301076,1909f56bfc062723c751e8b465ee728b)  -> (artifact id: 'a52565b9ed5bc60b74ef33531e57c89a') in 0.035580 seconds 
========================================================================
Received Import Request.
  Time since last request: 0.000032 seconds.
  path: Assets/Magic/Mirza Beig/Particle Systems/Inferno VFX/Prefabs/Oneshot/pf_vfx-inf_psys_demo_oneshot_flashBang3-add.prefab
  artifactKey: Guid(b43bba57ab591f543b80ae5c7d990af5) Importer(815301076,1909f56bfc062723c751e8b465ee728b)
Start importing Assets/Magic/Mirza Beig/Particle Systems/Inferno VFX/Prefabs/Oneshot/pf_vfx-inf_psys_demo_oneshot_flashBang3-add.prefab using Guid(b43bba57ab591f543b80ae5c7d990af5) Importer(815301076,1909f56bfc062723c751e8b465ee728b)  -> (artifact id: '1b1323beeabfdaca3ca39895d9add208') in 0.029696 seconds 
========================================================================
Received Import Request.
  Time since last request: 0.000025 seconds.
  path: Assets/Magic/Mirza Beig/Particle Systems/Inferno VFX/Prefabs/Oneshot/pf_vfx-inf_psys_demo_oneshot_comicExplosion-x2.prefab
  artifactKey: Guid(1ec9d345cb4f93145a37fa0bcf0a0b9c) Importer(815301076,1909f56bfc062723c751e8b465ee728b)
Start importing Assets/Magic/Mirza Beig/Particle Systems/Inferno VFX/Prefabs/Oneshot/pf_vfx-inf_psys_demo_oneshot_comicExplosion-x2.prefab using Guid(1ec9d345cb4f93145a37fa0bcf0a0b9c) Importer(815301076,1909f56bfc062723c751e8b465ee728b)  -> (artifact id: 'fe32ebf60de5bddd409260c52e743006') in 0.027915 seconds 
========================================================================
Received Import Request.
  Time since last request: 0.000023 seconds.
  path: Assets/Magic/Mirza Beig/Particle Systems/Inferno VFX/Prefabs/Oneshot/pf_vfx-inf_psys_demo_oneshot_explosion.prefab
  artifactKey: Guid(ba719c5f4986c8e49a49e802e78a896d) Importer(815301076,1909f56bfc062723c751e8b465ee728b)
Start importing Assets/Magic/Mirza Beig/Particle Systems/Inferno VFX/Prefabs/Oneshot/pf_vfx-inf_psys_demo_oneshot_explosion.prefab using Guid(ba719c5f4986c8e49a49e802e78a896d) Importer(815301076,1909f56bfc062723c751e8b465ee728b)  -> (artifact id: 'd6034a3c732f4963c2c0cbff010833be') in 0.028642 seconds 
========================================================================
Received Import Request.
  Time since last request: 0.000033 seconds.
  path: Assets/Magic/Mirza Beig/Particle Systems/Inferno VFX/Prefabs/Oneshot/pf_vfx-inf_psys_demo_oneshot_flashBang2-add-x2.prefab
  artifactKey: Guid(7d1fc5ab8ae313f40b632d096c6a7faa) Importer(815301076,1909f56bfc062723c751e8b465ee728b)
Start importing Assets/Magic/Mirza Beig/Particle Systems/Inferno VFX/Prefabs/Oneshot/pf_vfx-inf_psys_demo_oneshot_flashBang2-add-x2.prefab using Guid(7d1fc5ab8ae313f40b632d096c6a7faa) Importer(815301076,1909f56bfc062723c751e8b465ee728b)  -> (artifact id: 'd4e38dd1cab414d9ec100fead763e3dd') in 0.030797 seconds 
========================================================================
Received Import Request.
  Time since last request: 0.000027 seconds.
  path: Assets/Magic/Mirza Beig/Particle Systems/Inferno VFX/Prefabs/Oneshot/pf_vfx-inf_psys_demo_oneshot_flashBang.prefab
  artifactKey: Guid(e2c6bdc8b7c39da42b885d093f93ee5d) Importer(815301076,1909f56bfc062723c751e8b465ee728b)
Start importing Assets/Magic/Mirza Beig/Particle Systems/Inferno VFX/Prefabs/Oneshot/pf_vfx-inf_psys_demo_oneshot_flashBang.prefab using Guid(e2c6bdc8b7c39da42b885d093f93ee5d) Importer(815301076,1909f56bfc062723c751e8b465ee728b)  -> (artifact id: '0dceb844dc5f6ed5b6bd9be7977e6fab') in 0.030670 seconds 
========================================================================
Received Import Request.
  Time since last request: 0.000064 seconds.
  path: Assets/Magic/Mirza Beig/Particle Systems/Inferno VFX/Prefabs/Oneshot/pf_vfx-inf_psys_demo_oneshot_muzzleFlash-add.prefab
  artifactKey: Guid(0d9e1f8f43092ee4ea90df692055c3e0) Importer(815301076,1909f56bfc062723c751e8b465ee728b)
Start importing Assets/Magic/Mirza Beig/Particle Systems/Inferno VFX/Prefabs/Oneshot/pf_vfx-inf_psys_demo_oneshot_muzzleFlash-add.prefab using Guid(0d9e1f8f43092ee4ea90df692055c3e0) Importer(815301076,1909f56bfc062723c751e8b465ee728b)  -> (artifact id: '463deecbb1876e6a1fba165b259f6950') in 0.029666 seconds 
========================================================================
Received Import Request.
  Time since last request: 0.000075 seconds.
  path: Assets/Magic/Mirza Beig/Particle Systems/Inferno VFX/Prefabs/Oneshot/pf_vfx-inf_psys_demo_oneshot_muzzleFlash3.prefab
  artifactKey: Guid(ecc6f4bdeff118b42a095181d6a9c059) Importer(815301076,1909f56bfc062723c751e8b465ee728b)
Start importing Assets/Magic/Mirza Beig/Particle Systems/Inferno VFX/Prefabs/Oneshot/pf_vfx-inf_psys_demo_oneshot_muzzleFlash3.prefab using Guid(ecc6f4bdeff118b42a095181d6a9c059) Importer(815301076,1909f56bfc062723c751e8b465ee728b)  -> (artifact id: 'cdb2fe8d82d92d37bea26a897788c503') in 0.032113 seconds 
========================================================================
Received Import Request.
  Time since last request: 0.000031 seconds.
  path: Assets/Magic/Mirza Beig/Particle Systems/Inferno VFX/Prefabs/Oneshot/pf_vfx-inf_psys_demo_oneshot_explosion-large.prefab
  artifactKey: Guid(805832771bf9f5f48bead8310975480e) Importer(815301076,1909f56bfc062723c751e8b465ee728b)
Start importing Assets/Magic/Mirza Beig/Particle Systems/Inferno VFX/Prefabs/Oneshot/pf_vfx-inf_psys_demo_oneshot_explosion-large.prefab using Guid(805832771bf9f5f48bead8310975480e) Importer(815301076,1909f56bfc062723c751e8b465ee728b)  -> (artifact id: '1d4a90fc87d1147bf99b839106b261be') in 0.029521 seconds 
========================================================================
Received Import Request.
  Time since last request: 0.000029 seconds.
  path: Assets/Magic/Mirza Beig/Particle Systems/Inferno VFX/Prefabs/Oneshot/pf_vfx-inf_psys_demo_oneshot_flashBang-add-x2.prefab
  artifactKey: Guid(c70008338b49b7f46bc19adc50b5afd0) Importer(815301076,1909f56bfc062723c751e8b465ee728b)
Start importing Assets/Magic/Mirza Beig/Particle Systems/Inferno VFX/Prefabs/Oneshot/pf_vfx-inf_psys_demo_oneshot_flashBang-add-x2.prefab using Guid(c70008338b49b7f46bc19adc50b5afd0) Importer(815301076,1909f56bfc062723c751e8b465ee728b)  -> (artifact id: 'c04d378898ddbfc16d7dabeb0a669031') in 0.029704 seconds 
========================================================================
Received Import Request.
  Time since last request: 0.000022 seconds.
  path: Assets/Magic/Mirza Beig/Particle Systems/Inferno VFX/Prefabs/Oneshot/pf_vfx-inf_psys_demo_oneshot_comicExplosion3-x5.prefab
  artifactKey: Guid(07f3658dbe182a540813a922f2cacc41) Importer(815301076,1909f56bfc062723c751e8b465ee728b)
Start importing Assets/Magic/Mirza Beig/Particle Systems/Inferno VFX/Prefabs/Oneshot/pf_vfx-inf_psys_demo_oneshot_comicExplosion3-x5.prefab using Guid(07f3658dbe182a540813a922f2cacc41) Importer(815301076,1909f56bfc062723c751e8b465ee728b)  -> (artifact id: '76d729871bfe963bc96e5824f79f00ee') in 0.029303 seconds 
========================================================================
Received Import Request.
  Time since last request: 0.000031 seconds.
  path: Assets/Magic/Mirza Beig/Particle Systems/Inferno VFX/Prefabs/Oneshot/pf_vfx-inf_psys_demo_oneshot_explosion3-large.prefab
  artifactKey: Guid(93e368dcf2e6b014b90a4bce43ae962b) Importer(815301076,1909f56bfc062723c751e8b465ee728b)
Start importing Assets/Magic/Mirza Beig/Particle Systems/Inferno VFX/Prefabs/Oneshot/pf_vfx-inf_psys_demo_oneshot_explosion3-large.prefab using Guid(93e368dcf2e6b014b90a4bce43ae962b) Importer(815301076,1909f56bfc062723c751e8b465ee728b)  -> (artifact id: '39b7950044965f5c33a4b6cd690740c4') in 0.030347 seconds 
========================================================================
Received Import Request.
  Time since last request: 0.000028 seconds.
  path: Assets/Magic/Mirza Beig/Particle Systems/Inferno VFX/Prefabs/Oneshot/pf_vfx-inf_psys_demo_oneshot_flashBang2-add.prefab
  artifactKey: Guid(d59c5b7258646f14c9a6b0f832338741) Importer(815301076,1909f56bfc062723c751e8b465ee728b)
Start importing Assets/Magic/Mirza Beig/Particle Systems/Inferno VFX/Prefabs/Oneshot/pf_vfx-inf_psys_demo_oneshot_flashBang2-add.prefab using Guid(d59c5b7258646f14c9a6b0f832338741) Importer(815301076,1909f56bfc062723c751e8b465ee728b)  -> (artifact id: 'b40452c970c0e670f26dba3e5a65422f') in 0.031084 seconds 
========================================================================
Received Import Request.
  Time since last request: 0.000021 seconds.
  path: Assets/Magic/Mirza Beig/Particle Systems/Inferno VFX/Prefabs/Oneshot/pf_vfx-inf_psys_demo_oneshot_plasmaBurst.prefab
  artifactKey: Guid(ba12172cb4f25b64f8a98c84984fa559) Importer(815301076,1909f56bfc062723c751e8b465ee728b)
Start importing Assets/Magic/Mirza Beig/Particle Systems/Inferno VFX/Prefabs/Oneshot/pf_vfx-inf_psys_demo_oneshot_plasmaBurst.prefab using Guid(ba12172cb4f25b64f8a98c84984fa559) Importer(815301076,1909f56bfc062723c751e8b465ee728b)  -> (artifact id: '2e858138353e6a1af2d8d6e609bb9aa1') in 0.026812 seconds 
========================================================================
Received Import Request.
  Time since last request: 0.000030 seconds.
  path: Assets/Magic/Mirza Beig/Particle Systems/Inferno VFX/Prefabs/Oneshot/pf_vfx-inf_psys_demo_oneshot_flashBang3-add-x2.prefab
  artifactKey: Guid(a213197df4386314384fb25ce0ce67f7) Importer(815301076,1909f56bfc062723c751e8b465ee728b)
Start importing Assets/Magic/Mirza Beig/Particle Systems/Inferno VFX/Prefabs/Oneshot/pf_vfx-inf_psys_demo_oneshot_flashBang3-add-x2.prefab using Guid(a213197df4386314384fb25ce0ce67f7) Importer(815301076,1909f56bfc062723c751e8b465ee728b)  -> (artifact id: '7daf7bb2dd423cfb3a809da5f08e200b') in 0.035381 seconds 
========================================================================
Received Import Request.
  Time since last request: 0.000033 seconds.
  path: Assets/Magic/Mirza Beig/Particle Systems/Inferno VFX/Prefabs/Oneshot/pf_vfx-inf_psys_demo_oneshot_comicExplosion-x5.prefab
  artifactKey: Guid(baf355be516e61f4c9240bce0287fb7b) Importer(815301076,1909f56bfc062723c751e8b465ee728b)
Start importing Assets/Magic/Mirza Beig/Particle Systems/Inferno VFX/Prefabs/Oneshot/pf_vfx-inf_psys_demo_oneshot_comicExplosion-x5.prefab using Guid(baf355be516e61f4c9240bce0287fb7b) Importer(815301076,1909f56bfc062723c751e8b465ee728b)  -> (artifact id: '9b71da040b77d50bc9d2d34b854f0192') in 0.031359 seconds 
========================================================================
Received Import Request.
  Time since last request: 0.000042 seconds.
  path: Assets/Magic/Mirza Beig/Particle Systems/Inferno VFX/Prefabs/Oneshot/pf_vfx-inf_psys_demo_oneshot_comicExplosion2.prefab
  artifactKey: Guid(9d971b7d62d181e498b06205237d8c34) Importer(815301076,1909f56bfc062723c751e8b465ee728b)
Start importing Assets/Magic/Mirza Beig/Particle Systems/Inferno VFX/Prefabs/Oneshot/pf_vfx-inf_psys_demo_oneshot_comicExplosion2.prefab using Guid(9d971b7d62d181e498b06205237d8c34) Importer(815301076,1909f56bfc062723c751e8b465ee728b)  -> (artifact id: 'b0751c9ef06c42c06351f591d4b97447') in 0.034417 seconds 
========================================================================
Received Import Request.
  Time since last request: 0.000031 seconds.
  path: Assets/Magic/Mirza Beig/Particle Systems/Inferno VFX/Prefabs/Oneshot/pf_vfx-inf_psys_demo_oneshot_shockwaveBlast2.prefab
  artifactKey: Guid(f0d29fa69f564d741ab9e0d37e7b98b3) Importer(815301076,1909f56bfc062723c751e8b465ee728b)
Start importing Assets/Magic/Mirza Beig/Particle Systems/Inferno VFX/Prefabs/Oneshot/pf_vfx-inf_psys_demo_oneshot_shockwaveBlast2.prefab using Guid(f0d29fa69f564d741ab9e0d37e7b98b3) Importer(815301076,1909f56bfc062723c751e8b465ee728b)  -> (artifact id: '609dd9940902ced31b3e38ef64dc8818') in 0.104537 seconds 
========================================================================
Received Import Request.
  Time since last request: 0.000028 seconds.
  path: Assets/Magic/Mirza Beig/Particle Systems/Inferno VFX/Prefabs/Oneshot/pf_vfx-inf_psys_demo_oneshot_comicExplosion.prefab
  artifactKey: Guid(0a96672b0252c634bb04d1f59f57fb5d) Importer(815301076,1909f56bfc062723c751e8b465ee728b)
Start importing Assets/Magic/Mirza Beig/Particle Systems/Inferno VFX/Prefabs/Oneshot/pf_vfx-inf_psys_demo_oneshot_comicExplosion.prefab using Guid(0a96672b0252c634bb04d1f59f57fb5d) Importer(815301076,1909f56bfc062723c751e8b465ee728b)  -> (artifact id: 'b32536ab6cf4859f09e95d47869a32b7') in 0.042861 seconds 
Editor requested this worker to shutdown with reason: Scaling down because of idle timeout
AssetImportWorker is now disconnected from the server
Process exiting
Exiting without the bug reporter. Application will terminate with return code 0