Using pre-set license
Built from '2021.2/staging' branch; Version is '2021.2.7f1 (6bd9e232123f) revision 7068130'; Using compiler version '192829333'; Build Type 'Release'
OS: 'Windows 11  (10.0.22000) 64bit Professional' Language: 'en' Physical Memory: 32689 MB
BatchMode: 1, IsHumanControllingUs: 0, StartBugReporterOnCrash: 0, Is64bit: 1, IsPro: 0

COMMAND LINE ARGUMENTS:
C:\Program Files\Unity\Hub\Editor\2021.2.7f1\Editor\Unity.exe
-adb2
-batchMode
-noUpm
-name
AssetImportWorker12
-projectPath
O:/MSc AI/Dissertation-Project/RPG
-logFile
Logs/AssetImportWorker12.log
-srvPort
58728
Successfully changed project path to: O:/MSc AI/Dissertation-Project/RPG
O:/MSc AI/Dissertation-Project/RPG
[UnityMemory] Configuration Parameters - Can be set up in boot.config
    "memorysetup-bucket-allocator-granularity=16"
    "memorysetup-bucket-allocator-bucket-count=8"
    "memorysetup-bucket-allocator-block-size=33554432"
    "memorysetup-bucket-allocator-block-count=8"
    "memorysetup-main-allocator-block-size=16777216"
    "memorysetup-thread-allocator-block-size=16777216"
    "memorysetup-gfx-main-allocator-block-size=16777216"
    "memorysetup-gfx-thread-allocator-block-size=16777216"
    "memorysetup-cache-allocator-block-size=4194304"
    "memorysetup-typetree-allocator-block-size=2097152"
    "memorysetup-profiler-bucket-allocator-granularity=16"
    "memorysetup-profiler-bucket-allocator-bucket-count=8"
    "memorysetup-profiler-bucket-allocator-block-size=33554432"
    "memorysetup-profiler-bucket-allocator-block-count=8"
    "memorysetup-profiler-allocator-block-size=16777216"
    "memorysetup-profiler-editor-allocator-block-size=1048576"
    "memorysetup-temp-allocator-size-main=16777216"
    "memorysetup-job-temp-allocator-block-size=2097152"
    "memorysetup-job-temp-allocator-block-size-background=1048576"
    "memorysetup-job-temp-allocator-reduction-small-platforms=262144"
    "memorysetup-temp-allocator-size-background-worker=32768"
    "memorysetup-temp-allocator-size-job-worker=262144"
    "memorysetup-temp-allocator-size-preload-manager=33554432"
    "memorysetup-temp-allocator-size-nav-mesh-worker=65536"
    "memorysetup-temp-allocator-size-audio-worker=65536"
    "memorysetup-temp-allocator-size-cloud-worker=32768"
    "memorysetup-temp-allocator-size-gi-baking-worker=262144"
    "memorysetup-temp-allocator-size-gfx=262144"
Refreshing native plugins compatible for Editor in 78.48 ms, found 3 plugins.
Preloading 0 native plugins for Editor in 0.00 ms.
Initialize engine version: 2021.2.7f1 (6bd9e232123f)
[Subsystems] Discovering subsystems at path C:/Program Files/Unity/Hub/Editor/2021.2.7f1/Editor/Data/Resources/UnitySubsystems
[Subsystems] Discovering subsystems at path O:/MSc AI/Dissertation-Project/RPG/Assets
GfxDevice: creating device client; threaded=0; jobified=0
Direct3D:
    Version:  Direct3D 11.0 [level 11.1]
    Renderer: NVIDIA GeForce RTX 3070 (ID=0x2484)
    Vendor:   NVIDIA
    VRAM:     8043 MB
    Driver:   31.0.15.1659
Shader Custom/UnlitShadow uses undefined Queue: 'Opaque'
Shader Custom/UnlitShadow uses undefined Queue: 'Opaque'
Initialize mono
Mono path[0] = 'C:/Program Files/Unity/Hub/Editor/2021.2.7f1/Editor/Data/Managed'
Mono path[1] = 'C:/Program Files/Unity/Hub/Editor/2021.2.7f1/Editor/Data/MonoBleedingEdge/lib/mono/unityjit-win32'
Mono config path = 'C:/Program Files/Unity/Hub/Editor/2021.2.7f1/Editor/Data/MonoBleedingEdge/etc'
Using monoOptions --debugger-agent=transport=dt_socket,embedding=1,server=y,suspend=n,address=127.0.0.1:56020
Begin MonoManager ReloadAssembly
Registering precompiled unity dll's ...
Register platform support module: C:/Program Files/Unity/Hub/Editor/2021.2.7f1/Editor/Data/PlaybackEngines/MacStandaloneSupport/UnityEditor.OSXStandalone.Extensions.dll
Register platform support module: C:/Program Files/Unity/Hub/Editor/2021.2.7f1/Editor/Data/PlaybackEngines/WindowsStandaloneSupport/UnityEditor.WindowsStandalone.Extensions.dll
Registered in 0.003679 seconds.
Native extension for WindowsStandalone target not found
Native extension for OSXStandalone target not found
Refreshing native plugins compatible for Editor in 77.61 ms, found 3 plugins.
Preloading 0 native plugins for Editor in 0.00 ms.
Mono: successfully reloaded assembly
- Completed reload, in  0.471 seconds
Domain Reload Profiling:
	ReloadAssembly (471ms)
		BeginReloadAssembly (52ms)
			ExecutionOrderSort (0ms)
			DisableScriptedObjects (0ms)
			BackupInstance (0ms)
			ReleaseScriptingObjects (0ms)
			CreateAndSetChildDomain (1ms)
		EndReloadAssembly (364ms)
			LoadAssemblies (51ms)
			RebuildTransferFunctionScriptingTraits (0ms)
			SetupTypeCache (70ms)
			ReleaseScriptCaches (0ms)
			RebuildScriptCaches (19ms)
			SetupLoadedEditorAssemblies (234ms)
				LogAssemblyErrors (0ms)
				InitializePlatformSupportModulesInManaged (13ms)
				SetLoadedEditorAssemblies (0ms)
				RefreshPlugins (78ms)
				BeforeProcessingInitializeOnLoad (1ms)
				ProcessInitializeOnLoadAttributes (109ms)
				ProcessInitializeOnLoadMethodAttributes (33ms)
				AfterProcessingInitializeOnLoad (0ms)
				EditorAssembliesLoaded (0ms)
			ExecutionOrderSort2 (0ms)
			AwakeInstancesAfterBackupRestoration (0ms)
Platform modules already initialized, skipping
Registering precompiled user dll's ...
Registered in 0.002312 seconds.
Begin MonoManager ReloadAssembly
Symbol file LoadedFromMemory doesn't match image O:\MSc AI\Dissertation-Project\RPG\Library\PackageCache\com.unity.visualscripting@1.7.8\Editor\VisualScripting.Core\Dependencies\YamlDotNet\Unity.VisualScripting.YamlDotNet.dll
Symbol file LoadedFromMemory doesn't match image O:\MSc AI\Dissertation-Project\RPG\Library\PackageCache\com.unity.visualscripting@1.7.8\Editor\VisualScripting.Core\Dependencies\DotNetZip\Unity.VisualScripting.IonicZip.dll
Native extension for WindowsStandalone target not found
Native extension for OSXStandalone target not found
Refreshing native plugins compatible for Editor in 1.08 ms, found 3 plugins.
Preloading 0 native plugins for Editor in 0.00 ms.
Mono: successfully reloaded assembly
- Completed reload, in  0.759 seconds
Domain Reload Profiling:
	ReloadAssembly (759ms)
		BeginReloadAssembly (80ms)
			ExecutionOrderSort (0ms)
			DisableScriptedObjects (4ms)
			BackupInstance (0ms)
			ReleaseScriptingObjects (0ms)
			CreateAndSetChildDomain (17ms)
		EndReloadAssembly (610ms)
			LoadAssemblies (52ms)
			RebuildTransferFunctionScriptingTraits (0ms)
			SetupTypeCache (178ms)
			ReleaseScriptCaches (1ms)
			RebuildScriptCaches (39ms)
			SetupLoadedEditorAssemblies (308ms)
				LogAssemblyErrors (0ms)
				InitializePlatformSupportModulesInManaged (10ms)
				SetLoadedEditorAssemblies (0ms)
				RefreshPlugins (1ms)
				BeforeProcessingInitializeOnLoad (67ms)
				ProcessInitializeOnLoadAttributes (206ms)
				ProcessInitializeOnLoadMethodAttributes (18ms)
				AfterProcessingInitializeOnLoad (5ms)
				EditorAssembliesLoaded (0ms)
			ExecutionOrderSort2 (0ms)
			AwakeInstancesAfterBackupRestoration (4ms)
Platform modules already initialized, skipping
========================================================================
Worker process is ready to serve import requests
Shader Custom/UnlitShadow uses undefined Queue: 'Opaque'
Shader Custom/UnlitShadow uses undefined Queue: 'Opaque'
Launched and connected shader compiler UnityShaderCompiler.exe after 0.03 seconds
Refreshing native plugins compatible for Editor in 0.94 ms, found 3 plugins.
Preloading 0 native plugins for Editor in 0.00 ms.
Unloading 3652 Unused Serialized files (Serialized files now loaded: 0)
Unloading 26 unused Assets / (192.8 KB). Loaded Objects now: 4146.
Memory consumption went from 148.2 MB to 148.0 MB.
Total: 2.819200 ms (FindLiveObjects: 0.244900 ms CreateObjectMapping: 0.101700 ms MarkObjects: 2.330700 ms  DeleteObjects: 0.141100 ms)

AssetImportParameters requested are different than current active one (requested -> active):
  custom:video-decoder-ogg-theora: a1e56fd34408186e4bbccfd4996cb3dc -> 
  custom:container-muxer-webm: aa71ff27fc2769a1b78a27578f13a17b -> 
  custom:container-demuxer-webm: 4f35f7cbe854078d1ac9338744f61a02 -> 
  custom:video-encoder-webm-vp8: eb34c28f22e8b96e1ab97ce403110664 -> 
  custom:audio-encoder-webm-vorbis: bf7c407c2cedff20999df2af8eb42d56 -> 
  custom:framework-win-MediaFoundation: 216162199b28c13a410421893ffa2e32 -> 
  custom:container-demuxer-ogg: 62fdf1f143b41e24485cea50d1cbac27 -> 
  custom:video-decoder-webm-vp8: 9c59270c3fd7afecdb556c50c9e8de78 -> 
  custom:audio-decoder-ogg-vorbis: bf7c407c2cedff20999df2af8eb42d56 -> 
========================================================================
Received Import Request.
  Time since last request: 26088.025746 seconds.
  path: Assets/Sprites/!Prefabs/rock_small.prefab
  artifactKey: Guid(d7daa7001ad417d4fa2511782efff4d5) Importer(815301076,1909f56bfc062723c751e8b465ee728b)
Start importing Assets/Sprites/!Prefabs/rock_small.prefab using Guid(d7daa7001ad417d4fa2511782efff4d5) Importer(815301076,1909f56bfc062723c751e8b465ee728b)  -> (artifact id: '0e35822bf3f018ef1fcf0db468ba852c') in 0.122845 seconds 
========================================================================
Received Import Request.
  Time since last request: 111.171988 seconds.
  path: Assets/Sprites/!Prefabs/Pine_tree.FBX
  artifactKey: Guid(a0bd7523e1445f147886c60f88830141) Importer(815301076,1909f56bfc062723c751e8b465ee728b)
Start importing Assets/Sprites/!Prefabs/Pine_tree.FBX using Guid(a0bd7523e1445f147886c60f88830141) Importer(815301076,1909f56bfc062723c751e8b465ee728b)  -> (artifact id: 'bc3235a2b98daad22a918a3bc32fdea7') in 0.077422 seconds 
========================================================================
Received Import Request.
  Time since last request: 74.324131 seconds.
  path: Assets/Sprites/Character/Cartoon Heroes/Female/Textures/Heads/Head_1/Female_Head_1.tga
  artifactKey: Guid(81783cf145707454fa8e3d534db9ccd8) Importer(815301076,1909f56bfc062723c751e8b465ee728b)
Start importing Assets/Sprites/Character/Cartoon Heroes/Female/Textures/Heads/Head_1/Female_Head_1.tga using Guid(81783cf145707454fa8e3d534db9ccd8) Importer(815301076,1909f56bfc062723c751e8b465ee728b)  -> (artifact id: '09ac2eca780979c590232e3124a89087') in 0.049289 seconds 
========================================================================
Received Import Request.
  Time since last request: 0.000020 seconds.
  path: Assets/Sprites/Character/Cartoon Heroes/Female/Textures/Heads/Head_3/Female_Head_3.tga
  artifactKey: Guid(32963c8796b41144e879a85cb79b2119) Importer(815301076,1909f56bfc062723c751e8b465ee728b)
Start importing Assets/Sprites/Character/Cartoon Heroes/Female/Textures/Heads/Head_3/Female_Head_3.tga using Guid(32963c8796b41144e879a85cb79b2119) Importer(815301076,1909f56bfc062723c751e8b465ee728b)  -> (artifact id: 'c907b9ae68b7629fe0bb6a20c64970b1') in 0.019732 seconds 
========================================================================
Received Import Request.
  Time since last request: 0.000016 seconds.
  path: Assets/Sprites/Props/Multistory Dungeons 2/Textures/FX_Halo_MD_01.psd
  artifactKey: Guid(a173d92367364427b85b75417d68db5f) Importer(815301076,1909f56bfc062723c751e8b465ee728b)
Start importing Assets/Sprites/Props/Multistory Dungeons 2/Textures/FX_Halo_MD_01.psd using Guid(a173d92367364427b85b75417d68db5f) Importer(815301076,1909f56bfc062723c751e8b465ee728b)  -> (artifact id: '17fa3b26e9b3cdeaaec2d018f9271097') in 0.022187 seconds 
========================================================================
Received Import Request.
  Time since last request: 0.000029 seconds.
  path: Assets/Sprites/Props/Multistory Dungeons 2/Textures/FX_Fire_01_MD.psd
  artifactKey: Guid(e9d99095e38043dbbcd6d8a2b2337c24) Importer(815301076,1909f56bfc062723c751e8b465ee728b)
Start importing Assets/Sprites/Props/Multistory Dungeons 2/Textures/FX_Fire_01_MD.psd using Guid(e9d99095e38043dbbcd6d8a2b2337c24) Importer(815301076,1909f56bfc062723c751e8b465ee728b)  -> (artifact id: '8b6664db738b585b0aa86c2c1f6e3994') in 0.014130 seconds 
========================================================================
Received Import Request.
  Time since last request: 0.000037 seconds.
  path: Assets/Sprites/Character/Cartoon Heroes/Female/Textures/Torsos/Torso_1/Female_Torso_1_Red.tga
  artifactKey: Guid(d1205b9f3646d8441a2043e67f3a573c) Importer(815301076,1909f56bfc062723c751e8b465ee728b)
Start importing Assets/Sprites/Character/Cartoon Heroes/Female/Textures/Torsos/Torso_1/Female_Torso_1_Red.tga using Guid(d1205b9f3646d8441a2043e67f3a573c) Importer(815301076,1909f56bfc062723c751e8b465ee728b)  -> (artifact id: '1a33602c1644573f8e8e7dae4fcd0dba') in 0.017761 seconds 
========================================================================
Received Import Request.
  Time since last request: 0.000019 seconds.
  path: Assets/Sprites/Character/Cartoon Heroes/Female/Textures/Heads/Head_2/Female_Head_2.tga
  artifactKey: Guid(7be22a6aabf5a8c4ebc6f53c132810cc) Importer(815301076,1909f56bfc062723c751e8b465ee728b)
Start importing Assets/Sprites/Character/Cartoon Heroes/Female/Textures/Heads/Head_2/Female_Head_2.tga using Guid(7be22a6aabf5a8c4ebc6f53c132810cc) Importer(815301076,1909f56bfc062723c751e8b465ee728b)  -> (artifact id: '42d7eb8fb293f56defe108db8b326c5d') in 0.018597 seconds 
========================================================================
Received Import Request.
  Time since last request: 0.000047 seconds.
  path: Assets/Sprites/Props/Multistory Dungeons 2/Textures/FX_Candle_Fire_MD_01.psd
  artifactKey: Guid(fa9528801bfb4b5f9474b939048aacdb) Importer(815301076,1909f56bfc062723c751e8b465ee728b)
Start importing Assets/Sprites/Props/Multistory Dungeons 2/Textures/FX_Candle_Fire_MD_01.psd using Guid(fa9528801bfb4b5f9474b939048aacdb) Importer(815301076,1909f56bfc062723c751e8b465ee728b)  -> (artifact id: 'd46c6f766fcde5ae6b435aa8148af38e') in 0.013385 seconds 
========================================================================
Received Import Request.
  Time since last request: 0.000017 seconds.
  path: Assets/Sprites/Medieval_Gold/textures/gold_coin_color.tif
  artifactKey: Guid(217ad9e57cca95a45917595677c6d8dd) Importer(815301076,1909f56bfc062723c751e8b465ee728b)
Start importing Assets/Sprites/Medieval_Gold/textures/gold_coin_color.tif using Guid(217ad9e57cca95a45917595677c6d8dd) Importer(815301076,1909f56bfc062723c751e8b465ee728b)  -> (artifact id: 'aef440576315f510084b6ac1893c5bf3') in 0.020972 seconds 
========================================================================
Received Import Request.
  Time since last request: 0.000022 seconds.
  path: Assets/Sprites/Character/Cartoon Heroes/Female/Textures/Legs/Legs_1/Female_Legs_1_Skin_Covered_Normals.tga
  artifactKey: Guid(eed0e9d5df2605549906a7667e470965) Importer(815301076,1909f56bfc062723c751e8b465ee728b)
Start importing Assets/Sprites/Character/Cartoon Heroes/Female/Textures/Legs/Legs_1/Female_Legs_1_Skin_Covered_Normals.tga using Guid(eed0e9d5df2605549906a7667e470965) Importer(815301076,1909f56bfc062723c751e8b465ee728b)  -> (artifact id: '0a49b48ef9e3ef30e4163d875333dcd8') in 0.020081 seconds 
========================================================================
Received Import Request.
  Time since last request: 0.000018 seconds.
  path: Assets/Sprites/Medieval_Gold/textures/gold_bar_normals.tif
  artifactKey: Guid(e8fc78b751f96024bbed2b1d570f082c) Importer(815301076,1909f56bfc062723c751e8b465ee728b)
Start importing Assets/Sprites/Medieval_Gold/textures/gold_bar_normals.tif using Guid(e8fc78b751f96024bbed2b1d570f082c) Importer(815301076,1909f56bfc062723c751e8b465ee728b)  -> (artifact id: '8079204682821581eb959206b7f48ea8') in 0.013928 seconds 
========================================================================
Received Import Request.
  Time since last request: 0.000024 seconds.
  path: Assets/Sprites/Medieval_Gold/textures/gold_bar_color.tif
  artifactKey: Guid(8c37fc22685f3a04fbd3d9c7fbb6175b) Importer(815301076,1909f56bfc062723c751e8b465ee728b)
Start importing Assets/Sprites/Medieval_Gold/textures/gold_bar_color.tif using Guid(8c37fc22685f3a04fbd3d9c7fbb6175b) Importer(815301076,1909f56bfc062723c751e8b465ee728b)  -> (artifact id: '62ff4197122679f09846160fd07b612f') in 0.015348 seconds 
========================================================================
Received Import Request.
  Time since last request: 0.000017 seconds.
  path: Assets/Sprites/Character/Cartoon Heroes/Female/Textures/Torsos/Torso_2/Female_Torso_2_Red.tga
  artifactKey: Guid(9fe0b4debe6b16640beabad5135f3863) Importer(815301076,1909f56bfc062723c751e8b465ee728b)
Start importing Assets/Sprites/Character/Cartoon Heroes/Female/Textures/Torsos/Torso_2/Female_Torso_2_Red.tga using Guid(9fe0b4debe6b16640beabad5135f3863) Importer(815301076,1909f56bfc062723c751e8b465ee728b)  -> (artifact id: 'cd899c5f111382bfbd44716d3a7cbfe4') in 0.022020 seconds 
========================================================================
Received Import Request.
  Time since last request: 0.011198 seconds.
  path: Assets/Sprites/Toon Crystals pack/Textures/Hexahedral_N.tga
  artifactKey: Guid(c60f1212d5394f64a9faeb939b1a9d3a) Importer(815301076,1909f56bfc062723c751e8b465ee728b)
Start importing Assets/Sprites/Toon Crystals pack/Textures/Hexahedral_N.tga using Guid(c60f1212d5394f64a9faeb939b1a9d3a) Importer(815301076,1909f56bfc062723c751e8b465ee728b)  -> (artifact id: '29c3a576d4631c6d31aeb509e5ad096f') in 0.026208 seconds 
========================================================================
Received Import Request.
  Time since last request: 0.000023 seconds.
  path: Assets/Sprites/Toon Crystals pack/Textures/HexahedralCrystal_Purp.tga
  artifactKey: Guid(00912c3ba5fa48c45b4d5145d40f61e1) Importer(815301076,1909f56bfc062723c751e8b465ee728b)
Start importing Assets/Sprites/Toon Crystals pack/Textures/HexahedralCrystal_Purp.tga using Guid(00912c3ba5fa48c45b4d5145d40f61e1) Importer(815301076,1909f56bfc062723c751e8b465ee728b)  -> (artifact id: 'eaa79436321e5d0eeafe3f6d2f16c4d3') in 0.015660 seconds 
========================================================================
Received Import Request.
  Time since last request: 0.000027 seconds.
  path: Assets/Sprites/Toon Crystals pack/Textures/HexahedralCrystal_Gold.tga
  artifactKey: Guid(41f204d6f66a3df43a3d233f1eac7d40) Importer(815301076,1909f56bfc062723c751e8b465ee728b)
Start importing Assets/Sprites/Toon Crystals pack/Textures/HexahedralCrystal_Gold.tga using Guid(41f204d6f66a3df43a3d233f1eac7d40) Importer(815301076,1909f56bfc062723c751e8b465ee728b)  -> (artifact id: '46b6fbb7181351c2b021e27324f6c293') in 0.015565 seconds 
Editor requested this worker to shutdown with reason: Scaling down because of idle timeout
AssetImportWorker is now disconnected from the server
Process exiting
Exiting without the bug reporter. Application will terminate with return code 0