Using pre-set license
Built from '2021.2/staging' branch; Version is '2021.2.7f1 (6bd9e232123f) revision 7068130'; Using compiler version '192829333'; Build Type 'Release'
OS: 'Windows 11  (10.0.22000) 64bit Professional' Language: 'en' Physical Memory: 32689 MB
BatchMode: 1, IsHumanControllingUs: 0, StartBugReporterOnCrash: 0, Is64bit: 1, IsPro: 0

COMMAND LINE ARGUMENTS:
C:\Program Files\Unity\Hub\Editor\2021.2.7f1\Editor\Unity.exe
-adb2
-batchMode
-noUpm
-name
AssetImportWorker2
-projectPath
O:/MSc AI/Dissertation-Project/RPG
-logFile
Logs/AssetImportWorker2.log
-srvPort
57724
Successfully changed project path to: O:/MSc AI/Dissertation-Project/RPG
O:/MSc AI/Dissertation-Project/RPG
[UnityMemory] Configuration Parameters - Can be set up in boot.config
    "memorysetup-bucket-allocator-granularity=16"
    "memorysetup-bucket-allocator-bucket-count=8"
    "memorysetup-bucket-allocator-block-size=33554432"
    "memorysetup-bucket-allocator-block-count=8"
    "memorysetup-main-allocator-block-size=16777216"
    "memorysetup-thread-allocator-block-size=16777216"
    "memorysetup-gfx-main-allocator-block-size=16777216"
    "memorysetup-gfx-thread-allocator-block-size=16777216"
    "memorysetup-cache-allocator-block-size=4194304"
    "memorysetup-typetree-allocator-block-size=2097152"
    "memorysetup-profiler-bucket-allocator-granularity=16"
    "memorysetup-profiler-bucket-allocator-bucket-count=8"
    "memorysetup-profiler-bucket-allocator-block-size=33554432"
    "memorysetup-profiler-bucket-allocator-block-count=8"
    "memorysetup-profiler-allocator-block-size=16777216"
    "memorysetup-profiler-editor-allocator-block-size=1048576"
    "memorysetup-temp-allocator-size-main=16777216"
    "memorysetup-job-temp-allocator-block-size=2097152"
    "memorysetup-job-temp-allocator-block-size-background=1048576"
    "memorysetup-job-temp-allocator-reduction-small-platforms=262144"
    "memorysetup-temp-allocator-size-background-worker=32768"
    "memorysetup-temp-allocator-size-job-worker=262144"
    "memorysetup-temp-allocator-size-preload-manager=33554432"
    "memorysetup-temp-allocator-size-nav-mesh-worker=65536"
    "memorysetup-temp-allocator-size-audio-worker=65536"
    "memorysetup-temp-allocator-size-cloud-worker=32768"
    "memorysetup-temp-allocator-size-gi-baking-worker=262144"
    "memorysetup-temp-allocator-size-gfx=262144"
Refreshing native plugins compatible for Editor in 136.41 ms, found 3 plugins.
Preloading 0 native plugins for Editor in 0.00 ms.
Initialize engine version: 2021.2.7f1 (6bd9e232123f)
[Subsystems] Discovering subsystems at path C:/Program Files/Unity/Hub/Editor/2021.2.7f1/Editor/Data/Resources/UnitySubsystems
[Subsystems] Discovering subsystems at path O:/MSc AI/Dissertation-Project/RPG/Assets
GfxDevice: creating device client; threaded=0; jobified=0
Direct3D:
    Version:  Direct3D 11.0 [level 11.1]
    Renderer: NVIDIA GeForce RTX 3070 (ID=0x2484)
    Vendor:   NVIDIA
    VRAM:     8043 MB
    Driver:   31.0.15.1659
Shader Custom/UnlitShadow uses undefined Queue: 'Opaque'
Shader Custom/UnlitShadow uses undefined Queue: 'Opaque'
Initialize mono
Mono path[0] = 'C:/Program Files/Unity/Hub/Editor/2021.2.7f1/Editor/Data/Managed'
Mono path[1] = 'C:/Program Files/Unity/Hub/Editor/2021.2.7f1/Editor/Data/MonoBleedingEdge/lib/mono/unityjit-win32'
Mono config path = 'C:/Program Files/Unity/Hub/Editor/2021.2.7f1/Editor/Data/MonoBleedingEdge/etc'
Using monoOptions --debugger-agent=transport=dt_socket,embedding=1,server=y,suspend=n,address=127.0.0.1:56508
Begin MonoManager ReloadAssembly
Registering precompiled unity dll's ...
Register platform support module: C:/Program Files/Unity/Hub/Editor/2021.2.7f1/Editor/Data/PlaybackEngines/MacStandaloneSupport/UnityEditor.OSXStandalone.Extensions.dll
Register platform support module: C:/Program Files/Unity/Hub/Editor/2021.2.7f1/Editor/Data/PlaybackEngines/WindowsStandaloneSupport/UnityEditor.WindowsStandalone.Extensions.dll
Registered in 0.006076 seconds.
Native extension for WindowsStandalone target not found
Native extension for OSXStandalone target not found
Refreshing native plugins compatible for Editor in 116.66 ms, found 3 plugins.
Preloading 0 native plugins for Editor in 0.00 ms.
Mono: successfully reloaded assembly
- Completed reload, in  0.656 seconds
Domain Reload Profiling:
	ReloadAssembly (656ms)
		BeginReloadAssembly (74ms)
			ExecutionOrderSort (0ms)
			DisableScriptedObjects (0ms)
			BackupInstance (0ms)
			ReleaseScriptingObjects (0ms)
			CreateAndSetChildDomain (1ms)
		EndReloadAssembly (501ms)
			LoadAssemblies (72ms)
			RebuildTransferFunctionScriptingTraits (0ms)
			SetupTypeCache (113ms)
			ReleaseScriptCaches (0ms)
			RebuildScriptCaches (29ms)
			SetupLoadedEditorAssemblies (304ms)
				LogAssemblyErrors (0ms)
				InitializePlatformSupportModulesInManaged (17ms)
				SetLoadedEditorAssemblies (0ms)
				RefreshPlugins (117ms)
				BeforeProcessingInitializeOnLoad (2ms)
				ProcessInitializeOnLoadAttributes (128ms)
				ProcessInitializeOnLoadMethodAttributes (40ms)
				AfterProcessingInitializeOnLoad (0ms)
				EditorAssembliesLoaded (0ms)
			ExecutionOrderSort2 (0ms)
			AwakeInstancesAfterBackupRestoration (0ms)
Platform modules already initialized, skipping
Registering precompiled user dll's ...
Registered in 0.002569 seconds.
Begin MonoManager ReloadAssembly
Symbol file LoadedFromMemory doesn't match image O:\MSc AI\Dissertation-Project\RPG\Library\PackageCache\com.unity.visualscripting@1.7.8\Editor\VisualScripting.Core\Dependencies\YamlDotNet\Unity.VisualScripting.YamlDotNet.dll
Symbol file LoadedFromMemory doesn't match image O:\MSc AI\Dissertation-Project\RPG\Library\PackageCache\com.unity.visualscripting@1.7.8\Editor\VisualScripting.Core\Dependencies\DotNetZip\Unity.VisualScripting.IonicZip.dll
Native extension for WindowsStandalone target not found
Native extension for OSXStandalone target not found
Refreshing native plugins compatible for Editor in 0.98 ms, found 3 plugins.
Preloading 0 native plugins for Editor in 0.00 ms.
Mono: successfully reloaded assembly
- Completed reload, in  0.812 seconds
Domain Reload Profiling:
	ReloadAssembly (813ms)
		BeginReloadAssembly (97ms)
			ExecutionOrderSort (0ms)
			DisableScriptedObjects (6ms)
			BackupInstance (0ms)
			ReleaseScriptingObjects (0ms)
			CreateAndSetChildDomain (23ms)
		EndReloadAssembly (639ms)
			LoadAssemblies (60ms)
			RebuildTransferFunctionScriptingTraits (0ms)
			SetupTypeCache (186ms)
			ReleaseScriptCaches (1ms)
			RebuildScriptCaches (44ms)
			SetupLoadedEditorAssemblies (314ms)
				LogAssemblyErrors (0ms)
				InitializePlatformSupportModulesInManaged (13ms)
				SetLoadedEditorAssemblies (0ms)
				RefreshPlugins (1ms)
				BeforeProcessingInitializeOnLoad (70ms)
				ProcessInitializeOnLoadAttributes (206ms)
				ProcessInitializeOnLoadMethodAttributes (19ms)
				AfterProcessingInitializeOnLoad (5ms)
				EditorAssembliesLoaded (0ms)
			ExecutionOrderSort2 (0ms)
			AwakeInstancesAfterBackupRestoration (5ms)
Platform modules already initialized, skipping
========================================================================
Worker process is ready to serve import requests
Shader Custom/UnlitShadow uses undefined Queue: 'Opaque'
Shader Custom/UnlitShadow uses undefined Queue: 'Opaque'
Launched and connected shader compiler UnityShaderCompiler.exe after 0.04 seconds
Refreshing native plugins compatible for Editor in 1.03 ms, found 3 plugins.
Preloading 0 native plugins for Editor in 0.00 ms.
Unloading 3652 Unused Serialized files (Serialized files now loaded: 0)
Unloading 26 unused Assets / (201.6 KB). Loaded Objects now: 4151.
Memory consumption went from 149.4 MB to 149.2 MB.
Total: 2.961700 ms (FindLiveObjects: 0.297300 ms CreateObjectMapping: 0.094800 ms MarkObjects: 2.406900 ms  DeleteObjects: 0.162000 ms)

AssetImportParameters requested are different than current active one (requested -> active):
  custom:video-decoder-ogg-theora: a1e56fd34408186e4bbccfd4996cb3dc -> 
  custom:container-muxer-webm: aa71ff27fc2769a1b78a27578f13a17b -> 
  custom:container-demuxer-webm: 4f35f7cbe854078d1ac9338744f61a02 -> 
  custom:video-encoder-webm-vp8: eb34c28f22e8b96e1ab97ce403110664 -> 
  custom:audio-encoder-webm-vorbis: bf7c407c2cedff20999df2af8eb42d56 -> 
  custom:framework-win-MediaFoundation: 216162199b28c13a410421893ffa2e32 -> 
  custom:container-demuxer-ogg: 62fdf1f143b41e24485cea50d1cbac27 -> 
  custom:video-decoder-webm-vp8: 9c59270c3fd7afecdb556c50c9e8de78 -> 
  custom:audio-decoder-ogg-vorbis: bf7c407c2cedff20999df2af8eb42d56 -> 
========================================================================
Received Import Request.
  Time since last request: 289445.689958 seconds.
  path: Assets/Sprites/Character/Cartoon Heroes/Male/3D/Legs/Base Legs/Male_Base_Legs.FBX
  artifactKey: Guid(17e8ecbc4e6bcea40878ead9b50712be) Importer(815301076,1909f56bfc062723c751e8b465ee728b)
Start importing Assets/Sprites/Character/Cartoon Heroes/Male/3D/Legs/Base Legs/Male_Base_Legs.FBX using Guid(17e8ecbc4e6bcea40878ead9b50712be) Importer(815301076,1909f56bfc062723c751e8b465ee728b)  -> (artifact id: '068704f8d6686a28aeec7d9afc5fbe59') in 0.299172 seconds 
========================================================================
Received Import Request.
  Time since last request: 78.889201 seconds.
  path: Assets/Sprites/Dinner table/Models/Plate.FBX
  artifactKey: Guid(593c0d665d2d1e44dad6cbb9cb599529) Importer(815301076,1909f56bfc062723c751e8b465ee728b)
Start importing Assets/Sprites/Dinner table/Models/Plate.FBX using Guid(593c0d665d2d1e44dad6cbb9cb599529) Importer(815301076,1909f56bfc062723c751e8b465ee728b)  -> (artifact id: '9c3751efdb0bb8a7379c55319483ea68') in 0.020813 seconds 
========================================================================
Received Import Request.
  Time since last request: 0.000023 seconds.
  path: Assets/Sprites/Props/Multistory Dungeons 2/Meshes/SRC_Props/Potion_Blue_01.fbx
  artifactKey: Guid(c5167bae8688479f845f4e42e244aac1) Importer(815301076,1909f56bfc062723c751e8b465ee728b)
Start importing Assets/Sprites/Props/Multistory Dungeons 2/Meshes/SRC_Props/Potion_Blue_01.fbx using Guid(c5167bae8688479f845f4e42e244aac1) Importer(815301076,1909f56bfc062723c751e8b465ee728b)  -> (artifact id: '9b10be0bf1836e03c0967b433c941382') in 0.040606 seconds 
========================================================================
Received Import Request.
  Time since last request: 0.000024 seconds.
  path: Assets/Sprites/Props/Multistory Dungeons 2/Meshes/SRC_Props/Potion_Red_01.fbx
  artifactKey: Guid(72e4a743464c4b26857b460ca6ade400) Importer(815301076,1909f56bfc062723c751e8b465ee728b)
Start importing Assets/Sprites/Props/Multistory Dungeons 2/Meshes/SRC_Props/Potion_Red_01.fbx using Guid(72e4a743464c4b26857b460ca6ade400) Importer(815301076,1909f56bfc062723c751e8b465ee728b)  -> (artifact id: 'ec30889bb073c831d69810e0551209be') in 0.019467 seconds 
========================================================================
Received Import Request.
  Time since last request: 0.000023 seconds.
  path: Assets/Sprites/!Prefabs/Crystals/PurpCrystal07.fbx
  artifactKey: Guid(00a5cbcfb1094154887b3093afb2b508) Importer(815301076,1909f56bfc062723c751e8b465ee728b)
Start importing Assets/Sprites/!Prefabs/Crystals/PurpCrystal07.fbx using Guid(00a5cbcfb1094154887b3093afb2b508) Importer(815301076,1909f56bfc062723c751e8b465ee728b)  -> (artifact id: '5e71462d2468bbc1a9a56c5c4627670b') in 0.016747 seconds 
========================================================================
Received Import Request.
  Time since last request: 0.000026 seconds.
  path: Assets/Sprites/!Prefabs/Crystals/PurpCrystal06.fbx
  artifactKey: Guid(46bc4894f38cd024d8f24e3484920663) Importer(815301076,1909f56bfc062723c751e8b465ee728b)
Start importing Assets/Sprites/!Prefabs/Crystals/PurpCrystal06.fbx using Guid(46bc4894f38cd024d8f24e3484920663) Importer(815301076,1909f56bfc062723c751e8b465ee728b)  -> (artifact id: '1353a5ae14d2fd6758a69ed2e6b06f88') in 0.015527 seconds 
========================================================================
Received Import Request.
  Time since last request: 0.000031 seconds.
  path: Assets/Sprites/Props/Multistory Dungeons 2/Meshes/SRC_Props/Potion_01.fbx
  artifactKey: Guid(200b07446fa54985b592ae1f134bee25) Importer(815301076,1909f56bfc062723c751e8b465ee728b)
Start importing Assets/Sprites/Props/Multistory Dungeons 2/Meshes/SRC_Props/Potion_01.fbx using Guid(200b07446fa54985b592ae1f134bee25) Importer(815301076,1909f56bfc062723c751e8b465ee728b)  -> (artifact id: '1b0a21f22bd03fd971038f102e3646fb') in 0.039496 seconds 
========================================================================
Received Import Request.
  Time since last request: 0.000029 seconds.
  path: Assets/Sprites/!Prefabs/Crystals/PurpCrystal00.fbx
  artifactKey: Guid(0182e814e0408fe43b26cd6a3619c8d0) Importer(815301076,1909f56bfc062723c751e8b465ee728b)
Start importing Assets/Sprites/!Prefabs/Crystals/PurpCrystal00.fbx using Guid(0182e814e0408fe43b26cd6a3619c8d0) Importer(815301076,1909f56bfc062723c751e8b465ee728b)  -> (artifact id: '9aa425c04d6bd1fcd30284585ebb182b') in 0.022454 seconds 
========================================================================
Received Import Request.
  Time since last request: 0.000037 seconds.
  path: Assets/Sprites/!Prefabs/Crystals/PurpCrystal02.fbx
  artifactKey: Guid(0226e8aa08ca38644a9e924ae4bd6043) Importer(815301076,1909f56bfc062723c751e8b465ee728b)
Start importing Assets/Sprites/!Prefabs/Crystals/PurpCrystal02.fbx using Guid(0226e8aa08ca38644a9e924ae4bd6043) Importer(815301076,1909f56bfc062723c751e8b465ee728b)  -> (artifact id: '8734db39fde218eef1d51d07b287b3c7') in 0.016565 seconds 
========================================================================
Received Import Request.
  Time since last request: 0.000023 seconds.
  path: Assets/Sprites/Props/Multistory Dungeons 2/Meshes/SRC_Props/Potion_02.fbx
  artifactKey: Guid(26e0b54e2cda477084abc9479bb387ae) Importer(815301076,1909f56bfc062723c751e8b465ee728b)
Start importing Assets/Sprites/Props/Multistory Dungeons 2/Meshes/SRC_Props/Potion_02.fbx using Guid(26e0b54e2cda477084abc9479bb387ae) Importer(815301076,1909f56bfc062723c751e8b465ee728b)  -> (artifact id: 'c444419e80addb6ffcab5ff4363996e2') in 0.020255 seconds 
========================================================================
Received Import Request.
  Time since last request: 34.918721 seconds.
  path: Assets/Sprites/!Prefabs/rock_small.prefab
  artifactKey: Guid(d7daa7001ad417d4fa2511782efff4d5) Importer(815301076,1909f56bfc062723c751e8b465ee728b)
Start importing Assets/Sprites/!Prefabs/rock_small.prefab using Guid(d7daa7001ad417d4fa2511782efff4d5) Importer(815301076,1909f56bfc062723c751e8b465ee728b)  -> (artifact id: '2d00fcda424c57d0d73b346ba388116d') in 0.029283 seconds 
========================================================================
Received Import Request.
  Time since last request: 0.000027 seconds.
  path: Assets/Sprites/!Prefabs/WoodenCrate.prefab
  artifactKey: Guid(217352bf0da9ebb458dbf7e513e2735d) Importer(815301076,1909f56bfc062723c751e8b465ee728b)
Start importing Assets/Sprites/!Prefabs/WoodenCrate.prefab using Guid(217352bf0da9ebb458dbf7e513e2735d) Importer(815301076,1909f56bfc062723c751e8b465ee728b)  -> (artifact id: '190643bef3907f917f0fb6e3d03b4641') in 0.012857 seconds 
========================================================================
Received Import Request.
  Time since last request: 0.000029 seconds.
  path: Assets/Sprites/!Prefabs/StylizedStone.fbx
  artifactKey: Guid(019dc1e6647e20947ad7abb216cfd0ae) Importer(815301076,1909f56bfc062723c751e8b465ee728b)
Start importing Assets/Sprites/!Prefabs/StylizedStone.fbx using Guid(019dc1e6647e20947ad7abb216cfd0ae) Importer(815301076,1909f56bfc062723c751e8b465ee728b)  -> (artifact id: '5886e3e281bd50a1f0e9dac3184e16c6') in 0.048234 seconds 
========================================================================
Received Import Request.
  Time since last request: 0.000029 seconds.
  path: Assets/Sprites/!Prefabs/Wells.prefab
  artifactKey: Guid(a4e1f8557bc76c44baa1e45ad8ecbdb9) Importer(815301076,1909f56bfc062723c751e8b465ee728b)
Start importing Assets/Sprites/!Prefabs/Wells.prefab using Guid(a4e1f8557bc76c44baa1e45ad8ecbdb9) Importer(815301076,1909f56bfc062723c751e8b465ee728b)  -> (artifact id: 'c3728b1b5c66166f6a286c81b430af12') in 0.062581 seconds 
========================================================================
Received Import Request.
  Time since last request: 0.000026 seconds.
  path: Assets/Sprites/!Prefabs/RockStyle1.prefab
  artifactKey: Guid(741991e580186d946be4b4a0c0407f9e) Importer(815301076,1909f56bfc062723c751e8b465ee728b)
Start importing Assets/Sprites/!Prefabs/RockStyle1.prefab using Guid(741991e580186d946be4b4a0c0407f9e) Importer(815301076,1909f56bfc062723c751e8b465ee728b)  -> (artifact id: '6aa507786c217ec4d95d048b78e0dec9') in 0.036146 seconds 
========================================================================
Received Import Request.
  Time since last request: 0.000030 seconds.
  path: Assets/Sprites/!Prefabs/TreeTrunk_Beech.prefab
  artifactKey: Guid(9f348a781ae98394784832b13cc7a448) Importer(815301076,1909f56bfc062723c751e8b465ee728b)
Start importing Assets/Sprites/!Prefabs/TreeTrunk_Beech.prefab using Guid(9f348a781ae98394784832b13cc7a448) Importer(815301076,1909f56bfc062723c751e8b465ee728b)  -> (artifact id: '090c78bbd6e18f968ad2a437daf53930') in 0.018911 seconds 
========================================================================
Received Import Request.
  Time since last request: 5.503311 seconds.
  path: Assets/Sprites/!Prefabs/1_coin.FBX
  artifactKey: Guid(e40fa0edf8a05e246b4f2025b5acdf75) Importer(815301076,1909f56bfc062723c751e8b465ee728b)
Start importing Assets/Sprites/!Prefabs/1_coin.FBX using Guid(e40fa0edf8a05e246b4f2025b5acdf75) Importer(815301076,1909f56bfc062723c751e8b465ee728b)  -> (artifact id: 'c51a2f499faabd7dfa2f394856e8ecff') in 0.023743 seconds 
========================================================================
Received Import Request.
  Time since last request: 0.000018 seconds.
  path: Assets/Sprites/!Prefabs/cart_4w.fbx
  artifactKey: Guid(41cd55efaf0e951419f2bbe9a1117252) Importer(815301076,1909f56bfc062723c751e8b465ee728b)
Start importing Assets/Sprites/!Prefabs/cart_4w.fbx using Guid(41cd55efaf0e951419f2bbe9a1117252) Importer(815301076,1909f56bfc062723c751e8b465ee728b)  -> (artifact id: '5ef47b7438a19a9d175dab28e7264bce') in 0.040360 seconds 
========================================================================
Received Import Request.
  Time since last request: 0.000024 seconds.
  path: Assets/Sprites/!Prefabs/grass_big.prefab
  artifactKey: Guid(8c191ec821185474f8b6827b581e875d) Importer(815301076,1909f56bfc062723c751e8b465ee728b)
Start importing Assets/Sprites/!Prefabs/grass_big.prefab using Guid(8c191ec821185474f8b6827b581e875d) Importer(815301076,1909f56bfc062723c751e8b465ee728b)  -> (artifact id: '1d61f6ad927955af970790577179bb40') in 0.015704 seconds 
========================================================================
Received Import Request.
  Time since last request: 0.000023 seconds.
  path: Assets/Sprites/!Prefabs/grass01.prefab
  artifactKey: Guid(b48086d9f175aa34b947a21c8056c3d2) Importer(815301076,1909f56bfc062723c751e8b465ee728b)
Start importing Assets/Sprites/!Prefabs/grass01.prefab using Guid(b48086d9f175aa34b947a21c8056c3d2) Importer(815301076,1909f56bfc062723c751e8b465ee728b)  -> (artifact id: '58390fd4acbb823dd1e89bb0587c53ec') in 0.012433 seconds 
========================================================================
Received Import Request.
  Time since last request: 0.000029 seconds.
  path: Assets/Sprites/!Prefabs/Coins.FBX
  artifactKey: Guid(e5a1087c565204f42969686d1df0633d) Importer(815301076,1909f56bfc062723c751e8b465ee728b)
Start importing Assets/Sprites/!Prefabs/Coins.FBX using Guid(e5a1087c565204f42969686d1df0633d) Importer(815301076,1909f56bfc062723c751e8b465ee728b)  -> (artifact id: '1719597c9c7357b2a2a29997cdc35528') in 0.162865 seconds 
========================================================================
Received Import Request.
  Time since last request: 0.618545 seconds.
  path: Assets/Sprites/!Prefabs/P_AncientRuins_Rock1.prefab
  artifactKey: Guid(0ec7f548aaa54c34ba5bb266601fa9ef) Importer(815301076,1909f56bfc062723c751e8b465ee728b)
Start importing Assets/Sprites/!Prefabs/P_AncientRuins_Rock1.prefab using Guid(0ec7f548aaa54c34ba5bb266601fa9ef) Importer(815301076,1909f56bfc062723c751e8b465ee728b)  -> (artifact id: '471247aaef48a4b1c80605f686bffc2a') in 0.028575 seconds 
========================================================================
Received Import Request.
  Time since last request: 0.000026 seconds.
  path: Assets/Sprites/!Prefabs/Pillar.prefab
  artifactKey: Guid(7c7baabdbc078cb4098d5880fc72c0f3) Importer(815301076,1909f56bfc062723c751e8b465ee728b)
Start importing Assets/Sprites/!Prefabs/Pillar.prefab using Guid(7c7baabdbc078cb4098d5880fc72c0f3) Importer(815301076,1909f56bfc062723c751e8b465ee728b)  -> (artifact id: '0e8d19b4716ea205a289c33d0e21ff63') in 0.014998 seconds 
========================================================================
Received Import Request.
  Time since last request: 0.000023 seconds.
  path: Assets/Sprites/!Prefabs/P_AncientRuins_Sword.prefab
  artifactKey: Guid(c30be702f1b236d4da5c71ec8c8d61c3) Importer(815301076,1909f56bfc062723c751e8b465ee728b)
Start importing Assets/Sprites/!Prefabs/P_AncientRuins_Sword.prefab using Guid(c30be702f1b236d4da5c71ec8c8d61c3) Importer(815301076,1909f56bfc062723c751e8b465ee728b)  -> (artifact id: 'ddc4c5bb355455f1fbd1014a378adaa5') in 0.034684 seconds 
========================================================================
Received Import Request.
  Time since last request: 0.012084 seconds.
  path: Assets/Sprites/!Prefabs/Pine_tree.FBX
  artifactKey: Guid(a0bd7523e1445f147886c60f88830141) Importer(815301076,1909f56bfc062723c751e8b465ee728b)
Start importing Assets/Sprites/!Prefabs/Pine_tree.FBX using Guid(a0bd7523e1445f147886c60f88830141) Importer(815301076,1909f56bfc062723c751e8b465ee728b)  -> (artifact id: '99dc55931f61e222cc2f1cc3a4065bbe') in 0.029158 seconds 
========================================================================
Received Import Request.
  Time since last request: 0.000027 seconds.
  path: Assets/Sprites/!Prefabs/platform1.prefab
  artifactKey: Guid(4c4b74795dcc8de4388e3ae8f85e1483) Importer(815301076,1909f56bfc062723c751e8b465ee728b)
Start importing Assets/Sprites/!Prefabs/platform1.prefab using Guid(4c4b74795dcc8de4388e3ae8f85e1483) Importer(815301076,1909f56bfc062723c751e8b465ee728b)  -> (artifact id: 'b9380de638ea5eee2a855d17cfd6c35e') in 0.019775 seconds 
========================================================================
Received Import Request.
  Time since last request: 0.000027 seconds.
  path: Assets/Sprites/!Prefabs/platform2.prefab
  artifactKey: Guid(38c2e9df535eb8b4fbee8f766e484fdd) Importer(815301076,1909f56bfc062723c751e8b465ee728b)
Start importing Assets/Sprites/!Prefabs/platform2.prefab using Guid(38c2e9df535eb8b4fbee8f766e484fdd) Importer(815301076,1909f56bfc062723c751e8b465ee728b)  -> (artifact id: 'aee3e47e8307ae465dbdf3c60eb6bb36') in 0.015632 seconds 
========================================================================
Received Import Request.
  Time since last request: 0.000035 seconds.
  path: Assets/Sprites/!Prefabs/Plant_04a.prefab
  artifactKey: Guid(99b3dc62b0e0dc94a8d193242ede6afa) Importer(815301076,1909f56bfc062723c751e8b465ee728b)
Start importing Assets/Sprites/!Prefabs/Plant_04a.prefab using Guid(99b3dc62b0e0dc94a8d193242ede6afa) Importer(815301076,1909f56bfc062723c751e8b465ee728b)  -> (artifact id: '7324c2291f4e889061f3fb8af428b580') in 0.012448 seconds 
========================================================================
Received Import Request.
  Time since last request: 0.014136 seconds.
  path: Assets/Sprites/!Prefabs/pref_Fountain.prefab
  artifactKey: Guid(3a6338093d8dd4044b2ecb013b97d071) Importer(815301076,1909f56bfc062723c751e8b465ee728b)
Start importing Assets/Sprites/!Prefabs/pref_Fountain.prefab using Guid(3a6338093d8dd4044b2ecb013b97d071) Importer(815301076,1909f56bfc062723c751e8b465ee728b)  -> (artifact id: '1d049505fe8bd1120745af84ba3faac7') in 0.019724 seconds 
========================================================================
Received Import Request.
  Time since last request: 0.000024 seconds.
  path: Assets/Sprites/!Prefabs/red_mushroom.prefab
  artifactKey: Guid(9654603070f5f9646a5e8ee484592ba4) Importer(815301076,1909f56bfc062723c751e8b465ee728b)
Start importing Assets/Sprites/!Prefabs/red_mushroom.prefab using Guid(9654603070f5f9646a5e8ee484592ba4) Importer(815301076,1909f56bfc062723c751e8b465ee728b)  -> (artifact id: '2c376eaee9ec46681cfafd03fbfe1d52') in 0.015688 seconds 
========================================================================
Received Import Request.
  Time since last request: 0.000027 seconds.
  path: Assets/Sprites/!Prefabs/purple_mushrooms.prefab
  artifactKey: Guid(e0bfbf414ad2f4346864280c86023b35) Importer(815301076,1909f56bfc062723c751e8b465ee728b)
Start importing Assets/Sprites/!Prefabs/purple_mushrooms.prefab using Guid(e0bfbf414ad2f4346864280c86023b35) Importer(815301076,1909f56bfc062723c751e8b465ee728b)  -> (artifact id: 'dc4e6ac5892490fd51b8bc868ca83a47') in 0.015656 seconds 
========================================================================
Received Import Request.
  Time since last request: 0.000023 seconds.
  path: Assets/Sprites/!Prefabs/rock_01.prefab
  artifactKey: Guid(a758c9966af9e45ab9f4f272a35a2e08) Importer(815301076,1909f56bfc062723c751e8b465ee728b)
Start importing Assets/Sprites/!Prefabs/rock_01.prefab using Guid(a758c9966af9e45ab9f4f272a35a2e08) Importer(815301076,1909f56bfc062723c751e8b465ee728b)  -> (artifact id: '444ac184a8ab90fd8455bd8361cabb5c') in 0.012005 seconds 
========================================================================
Received Import Request.
  Time since last request: 0.000034 seconds.
  path: Assets/Sprites/!Prefabs/Rock_4.FBX
  artifactKey: Guid(12f0ed80d834e6246b96b9cf113fedc3) Importer(815301076,1909f56bfc062723c751e8b465ee728b)
Start importing Assets/Sprites/!Prefabs/Rock_4.FBX using Guid(12f0ed80d834e6246b96b9cf113fedc3) Importer(815301076,1909f56bfc062723c751e8b465ee728b)  -> (artifact id: '934c293e4b4f9640c2284507b094126d') in 0.015351 seconds 
