Using pre-set license
Built from '2021.2/staging' branch; Version is '2021.2.7f1 (6bd9e232123f) revision 7068130'; Using compiler version '192829333'; Build Type 'Release'
OS: 'Windows 11  (10.0.22000) 64bit Professional' Language: 'en' Physical Memory: 32689 MB
BatchMode: 1, IsHumanControllingUs: 0, StartBugReporterOnCrash: 0, Is64bit: 1, IsPro: 0

COMMAND LINE ARGUMENTS:
C:\Program Files\Unity\Hub\Editor\2021.2.7f1\Editor\Unity.exe
-adb2
-batchMode
-noUpm
-name
AssetImportWorker13
-projectPath
O:/MSc AI/Dissertation-Project/RPG
-logFile
Logs/AssetImportWorker13.log
-srvPort
58728
Successfully changed project path to: O:/MSc AI/Dissertation-Project/RPG
O:/MSc AI/Dissertation-Project/RPG
[UnityMemory] Configuration Parameters - Can be set up in boot.config
    "memorysetup-bucket-allocator-granularity=16"
    "memorysetup-bucket-allocator-bucket-count=8"
    "memorysetup-bucket-allocator-block-size=33554432"
    "memorysetup-bucket-allocator-block-count=8"
    "memorysetup-main-allocator-block-size=16777216"
    "memorysetup-thread-allocator-block-size=16777216"
    "memorysetup-gfx-main-allocator-block-size=16777216"
    "memorysetup-gfx-thread-allocator-block-size=16777216"
    "memorysetup-cache-allocator-block-size=4194304"
    "memorysetup-typetree-allocator-block-size=2097152"
    "memorysetup-profiler-bucket-allocator-granularity=16"
    "memorysetup-profiler-bucket-allocator-bucket-count=8"
    "memorysetup-profiler-bucket-allocator-block-size=33554432"
    "memorysetup-profiler-bucket-allocator-block-count=8"
    "memorysetup-profiler-allocator-block-size=16777216"
    "memorysetup-profiler-editor-allocator-block-size=1048576"
    "memorysetup-temp-allocator-size-main=16777216"
    "memorysetup-job-temp-allocator-block-size=2097152"
    "memorysetup-job-temp-allocator-block-size-background=1048576"
    "memorysetup-job-temp-allocator-reduction-small-platforms=262144"
    "memorysetup-temp-allocator-size-background-worker=32768"
    "memorysetup-temp-allocator-size-job-worker=262144"
    "memorysetup-temp-allocator-size-preload-manager=33554432"
    "memorysetup-temp-allocator-size-nav-mesh-worker=65536"
    "memorysetup-temp-allocator-size-audio-worker=65536"
    "memorysetup-temp-allocator-size-cloud-worker=32768"
    "memorysetup-temp-allocator-size-gi-baking-worker=262144"
    "memorysetup-temp-allocator-size-gfx=262144"
Refreshing native plugins compatible for Editor in 101.50 ms, found 3 plugins.
Preloading 0 native plugins for Editor in 0.00 ms.
Initialize engine version: 2021.2.7f1 (6bd9e232123f)
[Subsystems] Discovering subsystems at path C:/Program Files/Unity/Hub/Editor/2021.2.7f1/Editor/Data/Resources/UnitySubsystems
[Subsystems] Discovering subsystems at path O:/MSc AI/Dissertation-Project/RPG/Assets
GfxDevice: creating device client; threaded=0; jobified=0
Direct3D:
    Version:  Direct3D 11.0 [level 11.1]
    Renderer: NVIDIA GeForce RTX 3070 (ID=0x2484)
    Vendor:   NVIDIA
    VRAM:     8043 MB
    Driver:   31.0.15.1659
Shader Custom/UnlitShadow uses undefined Queue: 'Opaque'
Shader Custom/UnlitShadow uses undefined Queue: 'Opaque'
Initialize mono
Mono path[0] = 'C:/Program Files/Unity/Hub/Editor/2021.2.7f1/Editor/Data/Managed'
Mono path[1] = 'C:/Program Files/Unity/Hub/Editor/2021.2.7f1/Editor/Data/MonoBleedingEdge/lib/mono/unityjit-win32'
Mono config path = 'C:/Program Files/Unity/Hub/Editor/2021.2.7f1/Editor/Data/MonoBleedingEdge/etc'
Using monoOptions --debugger-agent=transport=dt_socket,embedding=1,server=y,suspend=n,address=127.0.0.1:56332
Begin MonoManager ReloadAssembly
Registering precompiled unity dll's ...
Register platform support module: C:/Program Files/Unity/Hub/Editor/2021.2.7f1/Editor/Data/PlaybackEngines/MacStandaloneSupport/UnityEditor.OSXStandalone.Extensions.dll
Register platform support module: C:/Program Files/Unity/Hub/Editor/2021.2.7f1/Editor/Data/PlaybackEngines/WindowsStandaloneSupport/UnityEditor.WindowsStandalone.Extensions.dll
Registered in 0.003805 seconds.
Native extension for WindowsStandalone target not found
Native extension for OSXStandalone target not found
Refreshing native plugins compatible for Editor in 79.36 ms, found 3 plugins.
Preloading 0 native plugins for Editor in 0.00 ms.
Mono: successfully reloaded assembly
- Completed reload, in  0.482 seconds
Domain Reload Profiling:
	ReloadAssembly (483ms)
		BeginReloadAssembly (55ms)
			ExecutionOrderSort (0ms)
			DisableScriptedObjects (0ms)
			BackupInstance (0ms)
			ReleaseScriptingObjects (0ms)
			CreateAndSetChildDomain (1ms)
		EndReloadAssembly (372ms)
			LoadAssemblies (53ms)
			RebuildTransferFunctionScriptingTraits (0ms)
			SetupTypeCache (71ms)
			ReleaseScriptCaches (0ms)
			RebuildScriptCaches (19ms)
			SetupLoadedEditorAssemblies (241ms)
				LogAssemblyErrors (0ms)
				InitializePlatformSupportModulesInManaged (13ms)
				SetLoadedEditorAssemblies (0ms)
				RefreshPlugins (79ms)
				BeforeProcessingInitializeOnLoad (1ms)
				ProcessInitializeOnLoadAttributes (113ms)
				ProcessInitializeOnLoadMethodAttributes (35ms)
				AfterProcessingInitializeOnLoad (0ms)
				EditorAssembliesLoaded (0ms)
			ExecutionOrderSort2 (0ms)
			AwakeInstancesAfterBackupRestoration (0ms)
Platform modules already initialized, skipping
Registering precompiled user dll's ...
Registered in 0.002482 seconds.
Begin MonoManager ReloadAssembly
Symbol file LoadedFromMemory doesn't match image O:\MSc AI\Dissertation-Project\RPG\Library\PackageCache\com.unity.visualscripting@1.7.8\Editor\VisualScripting.Core\Dependencies\YamlDotNet\Unity.VisualScripting.YamlDotNet.dll
Symbol file LoadedFromMemory doesn't match image O:\MSc AI\Dissertation-Project\RPG\Library\PackageCache\com.unity.visualscripting@1.7.8\Editor\VisualScripting.Core\Dependencies\DotNetZip\Unity.VisualScripting.IonicZip.dll
Native extension for WindowsStandalone target not found
Native extension for OSXStandalone target not found
Refreshing native plugins compatible for Editor in 0.94 ms, found 3 plugins.
Preloading 0 native plugins for Editor in 0.00 ms.
Mono: successfully reloaded assembly
- Completed reload, in  0.822 seconds
Domain Reload Profiling:
	ReloadAssembly (823ms)
		BeginReloadAssembly (86ms)
			ExecutionOrderSort (0ms)
			DisableScriptedObjects (6ms)
			BackupInstance (0ms)
			ReleaseScriptingObjects (0ms)
			CreateAndSetChildDomain (18ms)
		EndReloadAssembly (667ms)
			LoadAssemblies (63ms)
			RebuildTransferFunctionScriptingTraits (0ms)
			SetupTypeCache (223ms)
			ReleaseScriptCaches (1ms)
			RebuildScriptCaches (41ms)
			SetupLoadedEditorAssemblies (307ms)
				LogAssemblyErrors (0ms)
				InitializePlatformSupportModulesInManaged (11ms)
				SetLoadedEditorAssemblies (0ms)
				RefreshPlugins (1ms)
				BeforeProcessingInitializeOnLoad (67ms)
				ProcessInitializeOnLoadAttributes (204ms)
				ProcessInitializeOnLoadMethodAttributes (19ms)
				AfterProcessingInitializeOnLoad (5ms)
				EditorAssembliesLoaded (0ms)
			ExecutionOrderSort2 (0ms)
			AwakeInstancesAfterBackupRestoration (4ms)
Platform modules already initialized, skipping
========================================================================
Worker process is ready to serve import requests
Shader Custom/UnlitShadow uses undefined Queue: 'Opaque'
Shader Custom/UnlitShadow uses undefined Queue: 'Opaque'
Launched and connected shader compiler UnityShaderCompiler.exe after 0.03 seconds
Refreshing native plugins compatible for Editor in 0.93 ms, found 3 plugins.
Preloading 0 native plugins for Editor in 0.00 ms.
Unloading 3652 Unused Serialized files (Serialized files now loaded: 0)
Unloading 26 unused Assets / (192.8 KB). Loaded Objects now: 4146.
Memory consumption went from 148.2 MB to 148.0 MB.
Total: 2.984200 ms (FindLiveObjects: 0.253900 ms CreateObjectMapping: 0.086200 ms MarkObjects: 2.492400 ms  DeleteObjects: 0.151300 ms)

AssetImportParameters requested are different than current active one (requested -> active):
  custom:video-decoder-ogg-theora: a1e56fd34408186e4bbccfd4996cb3dc -> 
  custom:container-muxer-webm: aa71ff27fc2769a1b78a27578f13a17b -> 
  custom:container-demuxer-webm: 4f35f7cbe854078d1ac9338744f61a02 -> 
  custom:video-encoder-webm-vp8: eb34c28f22e8b96e1ab97ce403110664 -> 
  custom:audio-encoder-webm-vorbis: bf7c407c2cedff20999df2af8eb42d56 -> 
  custom:framework-win-MediaFoundation: 216162199b28c13a410421893ffa2e32 -> 
  custom:container-demuxer-ogg: 62fdf1f143b41e24485cea50d1cbac27 -> 
  custom:video-decoder-webm-vp8: 9c59270c3fd7afecdb556c50c9e8de78 -> 
  custom:audio-decoder-ogg-vorbis: bf7c407c2cedff20999df2af8eb42d56 -> 
========================================================================
Received Import Request.
  Time since last request: 26990.333078 seconds.
  path: Assets/Sprites/A_piece_of_nature/Materials/Chest.mat
  artifactKey: Guid(3d92c13a401928e4da7e22e76225a5bc) Importer(815301076,1909f56bfc062723c751e8b465ee728b)
Start importing Assets/Sprites/A_piece_of_nature/Materials/Chest.mat using Guid(3d92c13a401928e4da7e22e76225a5bc) Importer(815301076,1909f56bfc062723c751e8b465ee728b)  -> (artifact id: 'dddd2d22db29610b4435ba1760ced782') in 0.157534 seconds 
========================================================================
Received Import Request.
  Time since last request: 0.000020 seconds.
  path: Assets/Sprites/Props/Multistory Dungeons 2/Meshes/SRC_Props/Treasure_Chest_Base_01.fbx
  artifactKey: Guid(ac649b21d0c149349a3b76773e51cb5a) Importer(815301076,1909f56bfc062723c751e8b465ee728b)
Start importing Assets/Sprites/Props/Multistory Dungeons 2/Meshes/SRC_Props/Treasure_Chest_Base_01.fbx using Guid(ac649b21d0c149349a3b76773e51cb5a) Importer(815301076,1909f56bfc062723c751e8b465ee728b)  -> (artifact id: '1fbab87af66d858af364d57660634b11') in 0.079469 seconds 
========================================================================
Received Import Request.
  Time since last request: 103.970629 seconds.
  path: Assets/New Terrain 1.asset
  artifactKey: Guid(e02b041d4095a9b42965c74f7e052fa7) Importer(815301076,1909f56bfc062723c751e8b465ee728b)
Start importing Assets/New Terrain 1.asset using Guid(e02b041d4095a9b42965c74f7e052fa7) Importer(815301076,1909f56bfc062723c751e8b465ee728b)  -> (artifact id: 'c1b5ae5f2b25ca406ad03d0bc4d1dd07') in 0.072180 seconds 
========================================================================
Received Import Request.
  Time since last request: 25.108275 seconds.
  path: Assets/Sprites/!Prefabs/Chest.prefab
  artifactKey: Guid(9582c3f4dbcb21845b3600f2053d2355) Importer(815301076,1909f56bfc062723c751e8b465ee728b)
Start importing Assets/Sprites/!Prefabs/Chest.prefab using Guid(9582c3f4dbcb21845b3600f2053d2355) Importer(815301076,1909f56bfc062723c751e8b465ee728b)  -> (artifact id: '349073c825aa2e70d9e08cba3ee7b994') in 0.020489 seconds 
========================================================================
Received Import Request.
  Time since last request: 158.521299 seconds.
  path: Assets/Sprites/!Prefabs/Chest.prefab
  artifactKey: Guid(9582c3f4dbcb21845b3600f2053d2355) Importer(815301076,1909f56bfc062723c751e8b465ee728b)
Start importing Assets/Sprites/!Prefabs/Chest.prefab using Guid(9582c3f4dbcb21845b3600f2053d2355) Importer(815301076,1909f56bfc062723c751e8b465ee728b)  -> (artifact id: '12a8b2ebb8f6ab069f1dca90bee5d4b8') in 0.015690 seconds 
========================================================================
Received Import Request.
  Time since last request: 313.030798 seconds.
  path: Assets/Sprites/Houses/Internal/Bar.prefab
  artifactKey: Guid(364ea318aee5f36409a0c98a56937c9b) Importer(815301076,1909f56bfc062723c751e8b465ee728b)
Start importing Assets/Sprites/Houses/Internal/Bar.prefab using Guid(364ea318aee5f36409a0c98a56937c9b) Importer(815301076,1909f56bfc062723c751e8b465ee728b)  -> (artifact id: '50951449047660c85d2ea35dae5e64ad') in 0.510203 seconds 
========================================================================
Received Import Request.
  Time since last request: 587.100057 seconds.
  path: Assets/Sprites/Cartoon_Texture_Pack/GRASS/GRASS_Flower/GRASS_Flower_Tint_02/Texture/Grass_Flower_Tint_02_Rocks_AO.png
  artifactKey: Guid(74a9708b177a90c40a1e42f1cd813e7f) Importer(815301076,1909f56bfc062723c751e8b465ee728b)
Start importing Assets/Sprites/Cartoon_Texture_Pack/GRASS/GRASS_Flower/GRASS_Flower_Tint_02/Texture/Grass_Flower_Tint_02_Rocks_AO.png using Guid(74a9708b177a90c40a1e42f1cd813e7f) Importer(815301076,1909f56bfc062723c751e8b465ee728b)  -> (artifact id: 'e58e1790774987925b75d5af31c4d034') in 0.095431 seconds 
========================================================================
Received Import Request.
  Time since last request: 0.000022 seconds.
  path: Assets/Sprites/Cartoon_Texture_Pack/GRASS/GRASS_Flower/GRASS_Flower_Tint_02/Texture/Grass_Flower_Tint_02_Rocks_Height.png
  artifactKey: Guid(45e14d6e41892fe49b74c1302c76fab6) Importer(815301076,1909f56bfc062723c751e8b465ee728b)
Start importing Assets/Sprites/Cartoon_Texture_Pack/GRASS/GRASS_Flower/GRASS_Flower_Tint_02/Texture/Grass_Flower_Tint_02_Rocks_Height.png using Guid(45e14d6e41892fe49b74c1302c76fab6) Importer(815301076,1909f56bfc062723c751e8b465ee728b)  -> (artifact id: '7a41c2d57780159df3e1ceb1c72dba81') in 0.020731 seconds 
========================================================================
Received Import Request.
  Time since last request: 0.000022 seconds.
  path: Assets/Sprites/StylRocksMagic/StylRocksMagic_TexturesMat/StylMagicRocks_MetallicSmoothness.tga
  artifactKey: Guid(24c79419008f930498c8992dd48037a4) Importer(815301076,1909f56bfc062723c751e8b465ee728b)
Start importing Assets/Sprites/StylRocksMagic/StylRocksMagic_TexturesMat/StylMagicRocks_MetallicSmoothness.tga using Guid(24c79419008f930498c8992dd48037a4) Importer(815301076,1909f56bfc062723c751e8b465ee728b)  -> (artifact id: '15aa3bd3d7d27eb5b7f0d0a8c67ab5a9') in 0.023886 seconds 
========================================================================
Received Import Request.
  Time since last request: 0.000022 seconds.
  path: Assets/Sprites/Cartoon_Texture_Pack/GRASS/GRASS_Flower/GRASS_Flower_Tint_02/Texture/Grass_Flower_Tint_02_Rocks_Normal.png
  artifactKey: Guid(28d422e66a342d74eba89cea2546b6cd) Importer(815301076,1909f56bfc062723c751e8b465ee728b)
Start importing Assets/Sprites/Cartoon_Texture_Pack/GRASS/GRASS_Flower/GRASS_Flower_Tint_02/Texture/Grass_Flower_Tint_02_Rocks_Normal.png using Guid(28d422e66a342d74eba89cea2546b6cd) Importer(815301076,1909f56bfc062723c751e8b465ee728b)  -> (artifact id: '77e8c53e5add6b907ed22cde045071cb') in 0.030986 seconds 
========================================================================
Received Import Request.
  Time since last request: 0.000030 seconds.
  path: Assets/Sprites/A_piece_of_nature/Textures/Rocks_3_4_specular.tif
  artifactKey: Guid(7081f23ddfe244d40a4fcd1aa6f853ee) Importer(815301076,1909f56bfc062723c751e8b465ee728b)
Start importing Assets/Sprites/A_piece_of_nature/Textures/Rocks_3_4_specular.tif using Guid(7081f23ddfe244d40a4fcd1aa6f853ee) Importer(815301076,1909f56bfc062723c751e8b465ee728b)  -> (artifact id: 'e6929010fa7f3e3c7abf319a7b20e000') in 0.024022 seconds 
========================================================================
Received Import Request.
  Time since last request: 0.000018 seconds.
  path: Assets/Sprites/StylRocksMagic/StylRocksMagic_TexturesMat/StylMagicRocks_AlbedoTransparency.tga
  artifactKey: Guid(db04750de3320e440b72eb7d8f5ab484) Importer(815301076,1909f56bfc062723c751e8b465ee728b)
Start importing Assets/Sprites/StylRocksMagic/StylRocksMagic_TexturesMat/StylMagicRocks_AlbedoTransparency.tga using Guid(db04750de3320e440b72eb7d8f5ab484) Importer(815301076,1909f56bfc062723c751e8b465ee728b)  -> (artifact id: '686ea7e84739ec1a00366bc0c26012d1') in 0.011090 seconds 
========================================================================
Received Import Request.
  Time since last request: 0.000024 seconds.
  path: Assets/Sprites/A_piece_of_nature/Textures/Rocks_3_4_texture.tif
  artifactKey: Guid(1a59d57b738d4764d92a57a7a0f918a8) Importer(815301076,1909f56bfc062723c751e8b465ee728b)
Start importing Assets/Sprites/A_piece_of_nature/Textures/Rocks_3_4_texture.tif using Guid(1a59d57b738d4764d92a57a7a0f918a8) Importer(815301076,1909f56bfc062723c751e8b465ee728b)  -> (artifact id: 'df1d3da9a18d3a20d1b1b5898e64b201') in 0.022751 seconds 
